Component: ARM Compiler 5.06 update 7 (build 960) Tool: armlink [4d3601]

==============================================================================

Section Cross References

    startup_msp432p4.o(RESET) refers to startup_msp432p4.o(STACK) for __initial_sp
    startup_msp432p4.o(RESET) refers to startup_msp432p4.o(.text) for Reset_Handler
    startup_msp432p4.o(RESET) refers to port.o(.emb_text) for SVC_Handler
    startup_msp432p4.o(RESET) refers to port.o(i.SysTick_Handler) for SysTick_Handler
    startup_msp432p4.o(RESET) refers to serial.o(i.vUART_Handler) for vUART_Handler
    startup_msp432p4.o(RESET) refers to intqueuetimer.o(i.vT32_0_Handler) for vT32_0_Handler
    startup_msp432p4.o(RESET) refers to intqueuetimer.o(i.vT32_1_Handler) for vT32_1_Handler
    startup_msp432p4.o(RESET) refers to main_blinky.o(i.PORT1_IRQHandler) for PORT1_IRQHandler
    startup_msp432p4.o(.text) refers to system_msp432p401r.o(i.SystemInit) for SystemInit
    startup_msp432p4.o(.text) refers to entry.o(.ARM.Collect$$$$00000000) for __main
    system_msp432p401r.o(i.SystemCoreClockUpdate) refers to system_msp432p401r.o(.data) for SystemCoreClock
    main.o(i.main) refers to main.o(i.prvSetupHardware) for prvSetupHardware
    main.o(i.main) refers to main_blinky.o(i.main_blinky) for main_blinky
    main.o(i.malloc) refers to interrupt.o(i.Interrupt_disableMaster) for Interrupt_disableMaster
    main.o(i.prvSetupHardware) refers to wdt_a.o(i.WDT_A_holdTimer) for WDT_A_holdTimer
    main.o(i.prvSetupHardware) refers to fpu.o(i.FPU_enableModule) for FPU_enableModule
    main.o(i.prvSetupHardware) refers to gpio.o(i.GPIO_setAsPeripheralModuleFunctionInputPin) for GPIO_setAsPeripheralModuleFunctionInputPin
    main.o(i.prvSetupHardware) refers to gpio.o(i.GPIO_setOutputLowOnPin) for GPIO_setOutputLowOnPin
    main.o(i.prvSetupHardware) refers to gpio.o(i.GPIO_setAsOutputPin) for GPIO_setAsOutputPin
    main_blinky.o(i.PORT1_IRQHandler) refers to gpio.o(i.GPIO_getInterruptStatus) for GPIO_getInterruptStatus
    main_blinky.o(i.PORT1_IRQHandler) refers to gpio.o(i.GPIO_toggleOutputOnPin) for GPIO_toggleOutputOnPin
    main_blinky.o(i.main_blinky) refers to main_blinky.o(i.prvConfigureClocks) for prvConfigureClocks
    main_blinky.o(i.main_blinky) refers to main_blinky.o(i.prvConfigureButton) for prvConfigureButton
    main_blinky.o(i.main_blinky) refers to queue.o(i.xQueueGenericCreate) for xQueueGenericCreate
    main_blinky.o(i.main_blinky) refers to tasks.o(i.xTaskCreate) for xTaskCreate
    main_blinky.o(i.main_blinky) refers to tasks.o(i.vTaskStartScheduler) for vTaskStartScheduler
    main_blinky.o(i.main_blinky) refers to main_blinky.o(.data) for xQueue
    main_blinky.o(i.main_blinky) refers to main_blinky.o(i.prvQueueReceiveTask) for prvQueueReceiveTask
    main_blinky.o(i.main_blinky) refers to main_blinky.o(i.prvQueueSendTask) for prvQueueSendTask
    main_blinky.o(i.prvConfigureButton) refers to gpio.o(i.GPIO_setAsInputPinWithPullUpResistor) for GPIO_setAsInputPinWithPullUpResistor
    main_blinky.o(i.prvConfigureButton) refers to gpio.o(i.GPIO_enableInterrupt) for GPIO_enableInterrupt
    main_blinky.o(i.prvConfigureButton) refers to gpio.o(i.GPIO_interruptEdgeSelect) for GPIO_interruptEdgeSelect
    main_blinky.o(i.prvConfigureButton) refers to interrupt.o(i.Interrupt_enableInterrupt) for Interrupt_enableInterrupt
    main_blinky.o(i.prvConfigureClocks) refers to flash.o(i.FlashCtl_setWaitState) for FlashCtl_setWaitState
    main_blinky.o(i.prvConfigureClocks) refers to cs.o(i.CS_setDCOCenteredFrequency) for CS_setDCOCenteredFrequency
    main_blinky.o(i.prvConfigureClocks) refers to cs.o(i.CS_initClockSignal) for CS_initClockSignal
    main_blinky.o(i.prvConfigureClocks) refers to pcm.o(i.PCM_setCoreVoltageLevel) for PCM_setCoreVoltageLevel
    main_blinky.o(i.prvQueueReceiveTask) refers to queue.o(i.xQueueReceive) for xQueueReceive
    main_blinky.o(i.prvQueueReceiveTask) refers to gpio.o(i.GPIO_setOutputHighOnPin) for GPIO_setOutputHighOnPin
    main_blinky.o(i.prvQueueReceiveTask) refers to gpio.o(i.GPIO_setOutputLowOnPin) for GPIO_setOutputLowOnPin
    main_blinky.o(i.prvQueueReceiveTask) refers to main_blinky.o(.data) for xQueue
    main_blinky.o(i.prvQueueSendTask) refers to gpio.o(i.GPIO_getInputPinValue) for GPIO_getInputPinValue
    main_blinky.o(i.prvQueueSendTask) refers to queue.o(i.xQueueGenericSend) for xQueueGenericSend
    main_blinky.o(i.prvQueueSendTask) refers to main_blinky.o(.data) for xQueue
    event_groups.o(i.vEventGroupClearBitsCallback) refers to event_groups.o(i.xEventGroupClearBits) for xEventGroupClearBits
    event_groups.o(i.vEventGroupDelete) refers to tasks.o(i.vTaskSuspendAll) for vTaskSuspendAll
    event_groups.o(i.vEventGroupDelete) refers to tasks.o(i.vTaskRemoveFromUnorderedEventList) for vTaskRemoveFromUnorderedEventList
    event_groups.o(i.vEventGroupDelete) refers to heap_4.o(i.vPortFree) for vPortFree
[...]
    Removing sysctl.o(i.SysCtl_getNMISourceStatus), (12 bytes).
    Removing sysctl.o(i.SysCtl_getSRAMSize), (12 bytes).
    Removing sysctl.o(i.SysCtl_getTempCalibrationConstant), (16 bytes).
    Removing sysctl.o(i.SysCtl_rebootDevice), (16 bytes).
    Removing sysctl.o(i.SysCtl_setWDTPasswordViolationResetType), (36 bytes).
    Removing sysctl.o(i.SysCtl_setWDTTimeoutResetType), (36 bytes).
    Removing fpu.o(.rev16_text), (4 bytes).
    Removing fpu.o(.revsh_text), (4 bytes).
    Removing fpu.o(.rrx_text), (6 bytes).
    Removing fpu.o(i.FPU_disableModule), (20 bytes).
    Removing fpu.o(i.FPU_disableStacking), (20 bytes).
    Removing fpu.o(i.FPU_enableLazyStacking), (20 bytes).
    Removing fpu.o(i.FPU_enableStacking), (24 bytes).
    Removing fpu.o(i.FPU_setFlushToZeroMode), (20 bytes).
    Removing fpu.o(i.FPU_setHalfPrecisionMode), (20 bytes).
    Removing fpu.o(i.FPU_setNaNMode), (20 bytes).
    Removing fpu.o(i.FPU_setRoundingMode), (20 bytes).
    Removing timer32.o(.rev16_text), (4 bytes).
    Removing timer32.o(.revsh_text), (4 bytes).
    Removing timer32.o(.rrx_text), (6 bytes).
    Removing timer32.o(i.Timer32_disableInterrupt), (10 bytes).
    Removing timer32.o(i.Timer32_enableInterrupt), (10 bytes).
    Removing timer32.o(i.Timer32_getInterruptStatus), (6 bytes).
    Removing timer32.o(i.Timer32_getValue), (6 bytes).
    Removing timer32.o(i.Timer32_haltTimer), (10 bytes).
    Removing timer32.o(i.Timer32_initModule), (94 bytes).
    Removing timer32.o(i.Timer32_registerInterrupt), (22 bytes).
    Removing timer32.o(i.Timer32_setCount), (34 bytes).
    Removing timer32.o(i.Timer32_setCountInBackground), (34 bytes).
    Removing timer32.o(i.Timer32_startTimer), (48 bytes).
    Removing timer32.o(i.Timer32_unregisterInterrupt), (18 bytes).
    Removing rtc_c.o(.rev16_text), (4 bytes).
    Removing rtc_c.o(.revsh_text), (4 bytes).
    Removing rtc_c.o(.rrx_text), (6 bytes).
    Removing rtc_c.o(i.RTC_C_clearInterruptFlag), (96 bytes).
    Removing rtc_c.o(i.RTC_C_convertBCDToBinary), (16 bytes).
    Removing rtc_c.o(i.RTC_C_convertBinaryToBCD), (16 bytes).
    Removing rtc_c.o(i.RTC_C_definePrescaleEvent), (36 bytes).
    Removing rtc_c.o(i.RTC_C_disableInterrupt), (92 bytes).
    Removing rtc_c.o(i.RTC_C_enableInterrupt), (88 bytes).
    Removing rtc_c.o(i.RTC_C_getCalendarTime), (120 bytes).
    Removing rtc_c.o(i.RTC_C_getEnabledInterruptStatus), (132 bytes).
    Removing rtc_c.o(i.RTC_C_getInterruptStatus), (76 bytes).
    Removing rtc_c.o(i.RTC_C_getPrescaleValue), (32 bytes).
    Removing rtc_c.o(i.RTC_C_holdClock), (52 bytes).
    Removing rtc_c.o(i.RTC_C_initCalendar), (136 bytes).
    Removing rtc_c.o(i.RTC_C_registerInterrupt), (20 bytes).
    Removing rtc_c.o(i.RTC_C_setCalendarAlarm), (44 bytes).
    Removing rtc_c.o(i.RTC_C_setCalendarEvent), (52 bytes).
    Removing rtc_c.o(i.RTC_C_setCalibrationData), (48 bytes).
    Removing rtc_c.o(i.RTC_C_setCalibrationFrequency), (52 bytes).
    Removing rtc_c.o(i.RTC_C_setPrescaleValue), (84 bytes).
    Removing rtc_c.o(i.RTC_C_setTemperatureCompensation), (60 bytes).
    Removing rtc_c.o(i.RTC_C_startClock), (48 bytes).
    Removing rtc_c.o(i.RTC_C_unregisterInterrupt), (16 bytes).
    Removing flash.o(.rev16_text), (4 bytes).
    Removing flash.o(.revsh_text), (4 bytes).
    Removing flash.o(.rrx_text), (6 bytes).
    Removing flash.o(i.FlashCtl_clearInterruptFlag), (20 bytes).
    Removing flash.o(i.FlashCtl_clearProgramVerification), (60 bytes).
    Removing flash.o(i.FlashCtl_disableInterrupt), (20 bytes).
    Removing flash.o(i.FlashCtl_disableReadBuffering), (68 bytes).
    Removing flash.o(i.FlashCtl_disableWordProgramming), (12 bytes).
    Removing flash.o(i.FlashCtl_enableInterrupt), (20 bytes).
    Removing flash.o(i.FlashCtl_enableReadBuffering), (68 bytes).
    Removing flash.o(i.FlashCtl_enableWordProgramming), (40 bytes).
    Removing flash.o(i.FlashCtl_eraseSector), (264 bytes).
    Removing flash.o(i.FlashCtl_getEnabledInterruptStatus), (20 bytes).
    Removing flash.o(i.FlashCtl_getInterruptStatus), (12 bytes).
    Removing flash.o(i.FlashCtl_getMemoryInfo), (42 bytes).
    Removing flash.o(i.FlashCtl_getReadMode), (36 bytes).
    Removing flash.o(i.FlashCtl_getWaitState), (36 bytes).
    Removing flash.o(i.FlashCtl_initiateMassErase), (32 bytes).
    Removing flash.o(i.FlashCtl_initiateSectorErase), (116 bytes).
    Removing flash.o(i.FlashCtl_isSectorProtected), (100 bytes).
    Removing flash.o(i.FlashCtl_isWordProgrammingEnabled), (32 bytes).
    Removing flash.o(i.FlashCtl_performMassErase), (284 bytes).
    Removing flash.o(i.FlashCtl_programMemory), (250 bytes).
    Removing flash.o(i.FlashCtl_protectSector), (112 bytes).
    Removing flash.o(i.FlashCtl_registerInterrupt), (20 bytes).
    Removing flash.o(i.FlashCtl_setProgramVerification), (60 bytes).
    Removing flash.o(i.FlashCtl_setReadMode), (96 bytes).
    Removing flash.o(i.FlashCtl_unprotectSector), (116 bytes).
    Removing flash.o(i.FlashCtl_unregisterInterrupt), (16 bytes).
    Removing flash.o(i.FlashCtl_verifyMemory), (508 bytes).
    Removing flash.o(i._FlashCtl_Program32), (160 bytes).
    Removing flash.o(i._FlashCtl_Program8), (160 bytes).
    Removing flash.o(i._FlashCtl_ProgramBurst), (392 bytes).
    Removing flash.o(i.__FlashCtl_remaskBurstDataPost), (240 bytes).
    Removing flash.o(i.__FlashCtl_remaskBurstDataPre), (252 bytes).
    Removing flash.o(i.__FlashCtl_remaskData32Post), (184 bytes).
    Removing flash.o(i.__FlashCtl_remaskData32Pre), (184 bytes).
    Removing flash.o(i.__FlashCtl_remaskData8Post), (108 bytes).
    Removing flash.o(i.__FlashCtl_remaskData8Pre), (108 bytes).
    Removing flash.o(i.getUserFlashSector), (242 bytes).
    Removing flash.o(.data), (64 bytes).
    Removing f2d.o(.text), (38 bytes).
    Removing cdrcmple.o(.text), (48 bytes).
    Removing dadd.o(.text), (334 bytes).
    Removing dmul.o(.text), (228 bytes).
    Removing ddiv.o(.text), (222 bytes).
    Removing dfixul.o(.text), (48 bytes).
    Removing depilogue.o(.text), (186 bytes).

560 unused section(s) (total 50133 bytes) removed from the image.

==============================================================================

Image Symbol Table

    Local Symbols

    Symbol Name                              Value     Ov Type        Size  Object(Section)

    RESET                                    0x00000000   Section      324  startup_msp432p4.o(RESET)
    ../clib/../cmprslib/zerorunl2.c          0x00000000   Number         0  __dczerorl2.o ABSOLUTE
    ../clib/microlib/division.c              0x00000000   Number         0  uldiv.o ABSOLUTE
    ../clib/microlib/division.c              0x00000000   Number         0  uidiv.o ABSOLUTE
    ../clib/microlib/init/entry.s            0x00000000   Number         0  entry11b.o ABSOLUTE
    ../clib/microlib/init/entry.s            0x00000000   Number         0  entry9b.o ABSOLUTE
    ../clib/microlib/init/entry.s            0x00000000   Number         0  entry12b.o ABSOLUTE
    ../clib/microlib/init/entry.s            0x00000000   Number         0  entry12a.o ABSOLUTE
    ../clib/microlib/init/entry.s            0x00000000   Number         0  entry10a.o ABSOLUTE
    ../clib/microlib/init/entry.s            0x00000000   Number         0  entry11a.o ABSOLUTE
    ../clib/microlib/init/entry.s            0x00000000   Number         0  entry10b.o ABSOLUTE
    ../clib/microlib/init/entry.s            0x00000000   Number         0  entry5.o ABSOLUTE
    ../clib/microlib/init/entry.s            0x00000000   Number         0  entry7b.o ABSOLUTE
    ../clib/microlib/init/entry.s            0x00000000   Number         0  entry9a.o ABSOLUTE
    ../clib/microlib/init/entry.s            0x00000000   Number         0  entry8b.o ABSOLUTE
    ../clib/microlib/init/entry.s            0x00000000   Number         0  entry8a.o ABSOLUTE
    ../clib/microlib/init/entry.s            0x00000000   Number         0  entry7a.o ABSOLUTE
    ../clib/microlib/init/entry.s            0x00000000   Number         0  entry.o ABSOLUTE
    ../clib/microlib/init/entry.s            0x00000000   Number         0  entry2.o ABSOLUTE
    ../clib/microlib/longlong.c              0x00000000   Number         0  llshl.o ABSOLUTE
    ../clib/microlib/longlong.c              0x00000000   Number         0  llsshr.o ABSOLUTE
    ../clib/microlib/longlong.c              0x00000000   Number         0  llushr.o ABSOLUTE
    ../clib/microlib/printf/printf.c         0x00000000   Number         0  printf8.o ABSOLUTE
    ../clib/microlib/printf/printf.c         0x00000000   Number         0  printfa.o ABSOLUTE
    ../clib/microlib/printf/printf.c         0x00000000   Number         0  printf1.o ABSOLUTE
    ../clib/microlib/printf/printf.c         0x00000000   Number         0  printf2.o ABSOLUTE
    ../clib/microlib/printf/printf.c         0x00000000   Number         0  printf7.o ABSOLUTE
    ../clib/microlib/printf/printf.c         0x00000000   Number         0  printf3.o ABSOLUTE
    ../clib/microlib/printf/printf.c         0x00000000   Number         0  printf4.o ABSOLUTE
    ../clib/microlib/printf/printf.c         0x00000000   Number         0  printf5.o ABSOLUTE
    ../clib/microlib/printf/printf.c         0x00000000   Number         0  printf0.o ABSOLUTE
    ../clib/microlib/printf/printf.c         0x00000000   Number         0  printfb.o ABSOLUTE
    ../clib/microlib/printf/printf.c         0x00000000   Number         0  printf6.o ABSOLUTE
    ../clib/microlib/printf/stubs.s          0x00000000   Number         0  stubs.o ABSOLUTE
    ../clib/microlib/stdio/fputc.c           0x00000000   Number         0  fputc.o ABSOLUTE
    ../clib/microlib/stdio/semi.s            0x00000000   Number         0  semi.o ABSOLUTE
    ../clib/microlib/stdio/streams.c         0x00000000   Number         0  stdout.o ABSOLUTE
    ../clib/microlib/string/memcpy.c         0x00000000   Number         0  memcpyb.o ABSOLUTE
    ../clib/microlib/string/memcpy.c         0x00000000   Number         0  memcpya.o ABSOLUTE
    ../clib/microlib/string/memset.c         0x00000000   Number         0  memseta.o ABSOLUTE
    ../clib/microlib/string/strcmp.c         0x00000000   Number         0  strcmp.o ABSOLUTE
    ../clib/microlib/string/strcpy.c         0x00000000   Number         0  strcpy.o ABSOLUTE
    ../clib/microlib/string/strlen.c         0x00000000   Number         0  strlen.o ABSOLUTE
    ../clib/microlib/string/strncat.c        0x00000000   Number         0  strncat.o ABSOLUTE
    ../clib/microlib/string/strncmp.c        0x00000000   Number         0  strncmp.o ABSOLUTE
    ../clib/microlib/string/strncpy.c        0x00000000   Number         0  strncpy.o ABSOLUTE
    ../clib/microlib/stubs.s                 0x00000000   Number         0  iusefp.o ABSOLUTE
    ../clib/microlib/stubs.s                 0x00000000   Number         0  iusesemip.o ABSOLUTE
    ../fplib/microlib/f2d.c                  0x00000000   Number         0  f2d.o ABSOLUTE
    ../fplib/microlib/fpadd.c                0x00000000   Number         0  dadd.o ABSOLUTE
    ../fplib/microlib/fpdiv.c                0x00000000   Number         0  ddiv.o ABSOLUTE
    ../fplib/microlib/fpepilogue.c           0x00000000   Number         0  depilogue.o ABSOLUTE
    ../fplib/microlib/fpfix.c                0x00000000   Number         0  dfixul.o ABSOLUTE
    ../fplib/microlib/fpmul.c                0x00000000   Number         0  dmul.o ABSOLUTE
    ../mathlib/fabs.c                        0x00000000   Number         0  fabs.o ABSOLUTE
    ..\..\..\FreeRTOS-Plus\Demo\Common\FreeRTOS_Plus_CLI_Demos\Sample-CLI-commands.c 0x00000000   Number         0  sample-cli-commands.o ABSOLUTE
    ..\..\..\FreeRTOS-Plus\Demo\Common\FreeRTOS_Plus_CLI_Demos\UARTCommandConsole.c 0x00000000   Number         0  uartcommandconsole.o ABSOLUTE
    ..\..\..\FreeRTOS-Plus\Source\FreeRTOS-Plus-CLI\FreeRTOS_CLI.c 0x00000000   Number         0  freertos_cli.o ABSOLUTE
    ..\..\Source\event_groups.c              0x00000000   Number         0  event_groups.o ABSOLUTE
    ..\..\Source\list.c                      0x00000000   Number         0  list.o ABSOLUTE
    ..\..\Source\portable\MemMang\heap_4.c   0x00000000   Number         0  heap_4.o ABSOLUTE
    ..\..\Source\portable\RVDS\ARM_CM4F\port.c 0x00000000   Number         0  port.o ABSOLUTE
    ..\..\Source\queue.c                     0x00000000   Number         0  queue.o ABSOLUTE
    ..\..\Source\tasks.c                     0x00000000   Number         0  tasks.o ABSOLUTE
    ..\..\Source\timers.c                    0x00000000   Number         0  timers.o ABSOLUTE
    ..\Common\Minimal\BlockQ.c               0x00000000   Number         0  blockq.o ABSOLUTE
    ..\Common\Minimal\EventGroupsDemo.c      0x00000000   Number         0  eventgroupsdemo.o ABSOLUTE
    ..\Common\Minimal\GenQTest.c             0x00000000   Number         0  genqtest.o ABSOLUTE
    ..\Common\Minimal\IntQueue.c             0x00000000   Number         0  intqueue.o ABSOLUTE
    ..\Common\Minimal\IntSemTest.c           0x00000000   Number         0  intsemtest.o ABSOLUTE
    ..\Common\Minimal\TaskNotify.c           0x00000000   Number         0  tasknotify.o ABSOLUTE
    ..\Common\Minimal\TimerDemo.c            0x00000000   Number         0  timerdemo.o ABSOLUTE
    ..\Common\Minimal\countsem.c             0x00000000   Number         0  countsem.o ABSOLUTE
    ..\Common\Minimal\recmutex.c             0x00000000   Number         0  recmutex.o ABSOLUTE
    ..\Common\Minimal\semtest.c              0x00000000   Number         0  semtest.o ABSOLUTE
    ..\Common\Minimal\sp_flop.c              0x00000000   Number         0  sp_flop.o ABSOLUTE
    ..\\..\\..\\FreeRTOS-Plus\\Demo\\Common\\FreeRTOS_Plus_CLI_Demos\\Sample-CLI-commands.c 0x00000000   Number         0  sample-cli-commands.o ABSOLUTE
    ..\\..\\..\\FreeRTOS-Plus\\Demo\\Common\\FreeRTOS_Plus_CLI_Demos\\UARTCommandConsole.c 0x00000000   Number         0  uartcommandconsole.o ABSOLUTE
    ..\\..\\..\\FreeRTOS-Plus\\Source\\FreeRTOS-Plus-CLI\\FreeRTOS_CLI.c 0x00000000   Number         0  freertos_cli.o ABSOLUTE
    ..\\..\\Source\\event_groups.c           0x00000000   Number         0  event_groups.o ABSOLUTE
    ..\\..\\Source\\list.c                   0x00000000   Number         0  list.o ABSOLUTE
    ..\\..\\Source\\portable\\MemMang\\heap_4.c 0x00000000   Number         0  heap_4.o ABSOLUTE
    ..\\..\\Source\\portable\\RVDS\\ARM_CM4F\\port.c 0x00000000   Number         0  port.o ABSOLUTE
    ..\\..\\Source\\queue.c                  0x00000000   Number         0  queue.o ABSOLUTE
    ..\\..\\Source\\tasks.c                  0x00000000   Number         0  tasks.o ABSOLUTE
    ..\\..\\Source\\timers.c                 0x00000000   Number         0  timers.o ABSOLUTE
    ..\\Common\\Minimal\\BlockQ.c            0x00000000   Number         0  blockq.o ABSOLUTE
    ..\\Common\\Minimal\\EventGroupsDemo.c   0x00000000   Number         0  eventgroupsdemo.o ABSOLUTE
    ..\\Common\\Minimal\\GenQTest.c          0x00000000   Number         0  genqtest.o ABSOLUTE
    ..\\Common\\Minimal\\IntQueue.c          0x00000000   Number         0  intqueue.o ABSOLUTE
    ..\\Common\\Minimal\\IntSemTest.c        0x00000000   Number         0  intsemtest.o ABSOLUTE
    ..\\Common\\Minimal\\TaskNotify.c        0x00000000   Number         0  tasknotify.o ABSOLUTE
    ..\\Common\\Minimal\\TimerDemo.c         0x00000000   Number         0  timerdemo.o ABSOLUTE
    ..\\Common\\Minimal\\countsem.c          0x00000000   Number         0  countsem.o ABSOLUTE
    ..\\Common\\Minimal\\recmutex.c          0x00000000   Number         0  recmutex.o ABSOLUTE
    ..\\Common\\Minimal\\semtest.c           0x00000000   Number         0  semtest.o ABSOLUTE
    ..\\Common\\Minimal\\sp_flop.c           0x00000000   Number         0  sp_flop.o ABSOLUTE
    Full_Demo\IntQueueTimer.c                0x00000000   Number         0  intqueuetimer.o ABSOLUTE
    Full_Demo\RegTest.c                      0x00000000   Number         0  regtest.o ABSOLUTE
    Full_Demo\RunTimeStatsTimer.c            0x00000000   Number         0  runtimestatstimer.o ABSOLUTE
    Full_Demo\\IntQueueTimer.c               0x00000000   Number         0  intqueuetimer.o ABSOLUTE
    Full_Demo\\RegTest.c                     0x00000000   Number         0  regtest.o ABSOLUTE
    Full_Demo\\RunTimeStatsTimer.c           0x00000000   Number         0  runtimestatstimer.o ABSOLUTE
    Full_Demo\\main_full.c                   0x00000000   Number         0  main_full.o ABSOLUTE
    Full_Demo\\serial.c                      0x00000000   Number         0  serial.o ABSOLUTE
    Full_Demo\main_full.c                    0x00000000   Number         0  main_full.o ABSOLUTE
    Full_Demo\serial.c                       0x00000000   Number         0  serial.o ABSOLUTE
    SimplyBlinkyDemo\\main_blinky.c          0x00000000   Number         0  main_blinky.o ABSOLUTE
    SimplyBlinkyDemo\main_blinky.c           0x00000000   Number         0  main_blinky.o ABSOLUTE
    cdrcmple.s                               0x00000000   Number         0  cdrcmple.o ABSOLUTE
    dc.s                                     0x00000000   Number         0  dc.o ABSOLUTE
    driverlib\\cpu.c                         0x00000000   Number         0  cpu.o ABSOLUTE
    driverlib\\cs.c                          0x00000000   Number         0  cs.o ABSOLUTE
    driverlib\\flash.c                       0x00000000   Number         0  flash.o ABSOLUTE
    driverlib\\fpu.c                         0x00000000   Number         0  fpu.o ABSOLUTE
    driverlib\\gpio.c                        0x00000000   Number         0  gpio.o ABSOLUTE
    driverlib\\interrupt.c                   0x00000000   Number         0  interrupt.o ABSOLUTE
    driverlib\\pcm.c                         0x00000000   Number         0  pcm.o ABSOLUTE
    driverlib\\rtc_c.c                       0x00000000   Number         0  rtc_c.o ABSOLUTE
    driverlib\\sysctl.c                      0x00000000   Number         0  sysctl.o ABSOLUTE
    driverlib\\timer32.c                     0x00000000   Number         0  timer32.o ABSOLUTE
    driverlib\\uart.c                        0x00000000   Number         0  uart.o ABSOLUTE
    driverlib\\wdt_a.c                       0x00000000   Number         0  wdt_a.o ABSOLUTE
    driverlib\cpu.c                          0x00000000   Number         0  cpu.o ABSOLUTE
    driverlib\cs.c                           0x00000000   Number         0  cs.o ABSOLUTE
    driverlib\flash.c                        0x00000000   Number         0  flash.o ABSOLUTE
    driverlib\fpu.c                          0x00000000   Number         0  fpu.o ABSOLUTE
    driverlib\gpio.c                         0x00000000   Number         0  gpio.o ABSOLUTE
    driverlib\interrupt.c                    0x00000000   Number         0  interrupt.o ABSOLUTE
    driverlib\pcm.c                          0x00000000   Number         0  pcm.o ABSOLUTE
    driverlib\rtc_c.c                        0x00000000   Number         0  rtc_c.o ABSOLUTE
    driverlib\sysctl.c                       0x00000000   Number         0  sysctl.o ABSOLUTE
    driverlib\timer32.c                      0x00000000   Number         0  timer32.o ABSOLUTE
    driverlib\uart.c                         0x00000000   Number         0  uart.o ABSOLUTE
    driverlib\wdt_a.c                        0x00000000   Number         0  wdt_a.o ABSOLUTE
    handlers.s                               0x00000000   Number         0  handlers.o ABSOLUTE
    init.s                                   0x00000000   Number         0  init.o ABSOLUTE
    main.c                                   0x00000000   Number         0  main.o ABSOLUTE
    main.c                                   0x00000000   Number         0  main.o ABSOLUTE
    system\Keil\startup_MSP432P4.s           0x00000000   Number         0  startup_msp432p4.o ABSOLUTE
    system\Keil\system_msp432p401r.c         0x00000000   Number         0  system_msp432p401r.o ABSOLUTE
    system\\Keil\\system_msp432p401r.c       0x00000000   Number         0  system_msp432p401r.o ABSOLUTE
    .ARM.Collect$$$$00000000                 0x00000144   Section        0  entry.o(.ARM.Collect$$$$00000000)
    .ARM.Collect$$$$00000001                 0x00000144   Section        4  entry2.o(.ARM.Collect$$$$00000001)
    .ARM.Collect$$$$00000004                 0x00000148   Section        4  entry5.o(.ARM.Collect$$$$00000004)
    .ARM.Collect$$$$00000008                 0x0000014c   Section        0  entry7b.o(.ARM.Collect$$$$00000008)
    .ARM.Collect$$$$0000000A                 0x0000014c   Section        0  entry8b.o(.ARM.Collect$$$$0000000A)
    .ARM.Collect$$$$0000000B                 0x0000014c   Section        8  entry9a.o(.ARM.Collect$$$$0000000B)
    .ARM.Collect$$$$0000000E                 0x00000154   Section        4  entry12b.o(.ARM.Collect$$$$0000000E)
    .ARM.Collect$$$$0000000F                 0x00000158   Section        0  entry10a.o(.ARM.Collect$$$$0000000F)
    .ARM.Collect$$$$00000011                 0x00000158   Section        0  entry11a.o(.ARM.Collect$$$$00000011)
    .ARM.Collect$$$$00002712                 0x00000158   Section        4  entry2.o(.ARM.Collect$$$$00002712)
    __lit__00000000                          0x00000158   Data           4  entry2.o(.ARM.Collect$$$$00002712)
    .emb_text                                0x0000015c   Section      190  port.o(.emb_text)
    $v0                                      0x0000015c   Number         0  port.o(.emb_text)
    .text                                    0x0000021c   Section       36  startup_msp432p4.o(.text)
    $v0                                      0x0000021c   Number         0  startup_msp432p4.o(.text)
    .text                                    0x00000240   Section        0  memcpya.o(.text)
    .text                                    0x00000264   Section        0  memseta.o(.text)
    .text                                    0x00000288   Section       36  init.o(.text)
    .text                                    0x000002ac   Section        0  __dczerorl2.o(.text)
    i.CS_clearInterruptFlag                  0x00000304   Section        0  cs.o(i.CS_clearInterruptFlag)
    i.CS_getDCOFrequency                     0x0000032c   Section        0  cs.o(i.CS_getDCOFrequency)
    i.CS_getMCLK                             0x0000047c   Section        0  cs.o(i.CS_getMCLK)
    i.CS_initClockSignal                     0x000004a0   Section        0  cs.o(i.CS_initClockSignal)
    i.CS_setDCOCenteredFrequency             0x000005d8   Section        0  cs.o(i.CS_setDCOCenteredFrequency)
    i.FPU_enableModule                       0x00000600   Section        0  fpu.o(i.FPU_enableModule)
    i.FlashCtl_setWaitState                  0x00000614   Section        0  flash.o(i.FlashCtl_setWaitState)
    i.GPIO_enableInterrupt                   0x00000644   Section        0  gpio.o(i.GPIO_enableInterrupt)
    i.GPIO_getInputPinValue                  0x00000658   Section        0  gpio.o(i.GPIO_getInputPinValue)
    i.GPIO_getInterruptStatus                0x00000678   Section        0  gpio.o(i.GPIO_getInterruptStatus)
    i.GPIO_interruptEdgeSelect               0x0000068c   Section        0  gpio.o(i.GPIO_interruptEdgeSelect)
    i.GPIO_setAsInputPinWithPullUpResistor   0x000006ac   Section        0  gpio.o(i.GPIO_setAsInputPinWithPullUpResistor)
    i.GPIO_setAsOutputPin                    0x000006d8   Section        0  gpio.o(i.GPIO_setAsOutputPin)
    i.GPIO_setAsPeripheralModuleFunctionInputPin 0x000006f8   Section        0  gpio.o(i.GPIO_setAsPeripheralModuleFunctionInputPin)
    i.GPIO_setOutputHighOnPin                0x00000748   Section        0  gpio.o(i.GPIO_setOutputHighOnPin)
    i.GPIO_setOutputLowOnPin                 0x0000075c   Section        0  gpio.o(i.GPIO_setOutputLowOnPin)
    i.GPIO_toggleOutputOnPin                 0x00000770   Section        0  gpio.o(i.GPIO_toggleOutputOnPin)
    i.Interrupt_enableInterrupt              0x00000784   Section        0  interrupt.o(i.Interrupt_enableInterrupt)
    i.PCM_getCoreVoltageLevel                0x000007f8   Section        0  pcm.o(i.PCM_getCoreVoltageLevel)
    i.PCM_getPowerMode                       0x0000085a   Section        0  pcm.o(i.PCM_getPowerMode)
    i.PCM_getPowerState                      0x000008b4   Section        0  pcm.o(i.PCM_getPowerState)
    i.PCM_setCoreVoltageLevel                0x000008c0   Section        0  pcm.o(i.PCM_setCoreVoltageLevel)
    i.PCM_setPowerMode                       0x000008d0   Section        0  pcm.o(i.PCM_setPowerMode)
    i.PORT1_IRQHandler                       0x000008e0   Section        0  main_blinky.o(i.PORT1_IRQHandler)
    i.SysCtl_getTLVInfo                      0x00000900   Section        0  sysctl.o(i.SysCtl_getTLVInfo)
    i.SysTick_Handler                        0x00000950   Section        0  port.o(i.SysTick_Handler)
    i.SystemInit                             0x00000984   Section        0  system_msp432p401r.o(i.SystemInit)
    i.Timer32_clearInterruptFlag             0x00000a1c   Section        0  timer32.o(i.Timer32_clearInterruptFlag)
    i.UART_disableInterrupt                  0x00000a26   Section        0  uart.o(i.UART_disableInterrupt)
    i.UART_getEnabledInterruptStatus         0x00000a3c   Section        0  uart.o(i.UART_getEnabledInterruptStatus)
    i.UART_getInterruptStatus                0x00000a7a   Section        0  uart.o(i.UART_getInterruptStatus)
    i.UART_receiveData                       0x00000a82   Section        0  uart.o(i.UART_receiveData)
    i.WDT_A_holdTimer                        0x00000ab0   Section        0  wdt_a.o(i.WDT_A_holdTimer)
    i._CSComputeCLKFrequency                 0x00000ac8   Section        0  cs.o(i._CSComputeCLKFrequency)
    _CSComputeCLKFrequency                   0x00000ac9   Thumb Code   198  cs.o(i._CSComputeCLKFrequency)
    i._CSGetDOCFrequency                     0x00000ba4   Section        0  cs.o(i._CSGetDOCFrequency)
    _CSGetDOCFrequency                       0x00000ba5   Thumb Code    78  cs.o(i._CSGetDOCFrequency)
    i._CSGetDividerValue                     0x00000c10   Section        0  cs.o(i._CSGetDividerValue)
    _CSGetDividerValue                       0x00000c11   Thumb Code    62  cs.o(i._CSGetDividerValue)
    i.__PCM_setCoreVoltageLevelAdvanced      0x00000c50   Section        0  pcm.o(i.__PCM_setCoreVoltageLevelAdvanced)
    __PCM_setCoreVoltageLevelAdvanced        0x00000c51   Thumb Code   196  pcm.o(i.__PCM_setCoreVoltageLevelAdvanced)
    i.__PCM_setPowerModeAdvanced             0x00000d20   Section        0  pcm.o(i.__PCM_setPowerModeAdvanced)
    __PCM_setPowerModeAdvanced               0x00000d21   Thumb Code   260  pcm.o(i.__PCM_setPowerModeAdvanced)
    i.__scatterload_copy                     0x00000e30   Section       14  handlers.o(i.__scatterload_copy)
    i.__scatterload_null                     0x00000e3e   Section        2  handlers.o(i.__scatterload_null)
    i.__scatterload_zeroinit                 0x00000e40   Section       14  handlers.o(i.__scatterload_zeroinit)
    i.eTaskConfirmSleepModeStatus            0x00000e50   Section        0  tasks.o(i.eTaskConfirmSleepModeStatus)
    i.main                                   0x00000e98   Section        0  main.o(i.main)
    i.main_blinky                            0x00000ea8   Section        0  main_blinky.o(i.main_blinky)
    i.prvAddCurrentTaskToDelayedList         0x00000f0c   Section        0  tasks.o(i.prvAddCurrentTaskToDelayedList)
    prvAddCurrentTaskToDelayedList           0x00000f0d   Thumb Code   164  tasks.o(i.prvAddCurrentTaskToDelayedList)
    i.prvAddNewTaskToReadyList               0x00000fcc   Section        0  tasks.o(i.prvAddNewTaskToReadyList)
    prvAddNewTaskToReadyList                 0x00000fcd   Thumb Code   206  tasks.o(i.prvAddNewTaskToReadyList)
    i.prvCheckForValidListAndQueue           0x000010b8   Section        0  timers.o(i.prvCheckForValidListAndQueue)
    prvCheckForValidListAndQueue             0x000010b9   Thumb Code    56  timers.o(i.prvCheckForValidListAndQueue)
    i.prvCheckTasksWaitingTermination        0x00001104   Section        0  tasks.o(i.prvCheckTasksWaitingTermination)
    prvCheckTasksWaitingTermination          0x00001105   Thumb Code    60  tasks.o(i.prvCheckTasksWaitingTermination)
    i.prvConfigureButton                     0x0000114c   Section        0  main_blinky.o(i.prvConfigureButton)
    prvConfigureButton                       0x0000114d   Thumb Code    36  main_blinky.o(i.prvConfigureButton)
    i.prvConfigureClocks                     0x00001170   Section        0  main_blinky.o(i.prvConfigureClocks)
    prvConfigureClocks                       0x00001171   Thumb Code    74  main_blinky.o(i.prvConfigureClocks)
    i.prvCopyDataFromQueue                   0x000011ba   Section        0  queue.o(i.prvCopyDataFromQueue)
    prvCopyDataFromQueue                     0x000011bb   Thumb Code    42  queue.o(i.prvCopyDataFromQueue)
    i.prvCopyDataToQueue                     0x000011e4   Section        0  queue.o(i.prvCopyDataToQueue)
    prvCopyDataToQueue                       0x000011e5   Thumb Code   126  queue.o(i.prvCopyDataToQueue)
    i.prvDeleteTCB                           0x00001262   Section        0  tasks.o(i.prvDeleteTCB)
    prvDeleteTCB                             0x00001263   Thumb Code    18  tasks.o(i.prvDeleteTCB)
    i.prvGetExpectedIdleTime                 0x00001274   Section        0  tasks.o(i.prvGetExpectedIdleTime)
    prvGetExpectedIdleTime                   0x00001275   Thumb Code    56  tasks.o(i.prvGetExpectedIdleTime)
    i.prvGetNextExpireTime                   0x000012c0   Section        0  timers.o(i.prvGetNextExpireTime)
    prvGetNextExpireTime                     0x000012c1   Thumb Code    36  timers.o(i.prvGetNextExpireTime)
    i.prvHeapInit                            0x000012e8   Section        0  heap_4.o(i.prvHeapInit)
    prvHeapInit                              0x000012e9   Thumb Code    98  heap_4.o(i.prvHeapInit)
    i.prvIdleTask                            0x00001364   Section        0  tasks.o(i.prvIdleTask)
    prvIdleTask                              0x00001365   Thumb Code   112  tasks.o(i.prvIdleTask)
    i.prvInitialiseNewQueue                  0x000013e4   Section        0  queue.o(i.prvInitialiseNewQueue)
    prvInitialiseNewQueue                    0x000013e5   Thumb Code    42  queue.o(i.prvInitialiseNewQueue)
    i.prvInitialiseNewTask                   0x0000140e   Section        0  tasks.o(i.prvInitialiseNewTask)
    prvInitialiseNewTask                     0x0000140f   Thumb Code   224  tasks.o(i.prvInitialiseNewTask)
    i.prvInitialiseTaskLists                 0x000014f0   Section        0  tasks.o(i.prvInitialiseTaskLists)
    prvInitialiseTaskLists                   0x000014f1   Thumb Code    70  tasks.o(i.prvInitialiseTaskLists)
    i.prvInsertBlockIntoFreeList             0x00001558   Section        0  heap_4.o(i.prvInsertBlockIntoFreeList)
    prvInsertBlockIntoFreeList               0x00001559   Thumb Code    96  heap_4.o(i.prvInsertBlockIntoFreeList)
    i.prvInsertTimerInActiveList             0x000015c0   Section        0  timers.o(i.prvInsertTimerInActiveList)
    prvInsertTimerInActiveList               0x000015c1   Thumb Code    80  timers.o(i.prvInsertTimerInActiveList)
    i.prvIsQueueEmpty                        0x00001618   Section        0  queue.o(i.prvIsQueueEmpty)
    prvIsQueueEmpty                          0x00001619   Thumb Code    26  queue.o(i.prvIsQueueEmpty)
    i.prvIsQueueFull                         0x00001632   Section        0  queue.o(i.prvIsQueueFull)
    prvIsQueueFull                           0x00001633   Thumb Code    30  queue.o(i.prvIsQueueFull)
    i.prvProcessExpiredTimer                 0x00001650   Section        0  timers.o(i.prvProcessExpiredTimer)
    prvProcessExpiredTimer                   0x00001651   Thumb Code    62  timers.o(i.prvProcessExpiredTimer)
    i.prvProcessReceivedCommands             0x00001694   Section        0  timers.o(i.prvProcessReceivedCommands)
    prvProcessReceivedCommands               0x00001695   Thumb Code   326  timers.o(i.prvProcessReceivedCommands)
    i.prvProcessTimerOrBlockTask             0x000017e0   Section        0  timers.o(i.prvProcessTimerOrBlockTask)
    prvProcessTimerOrBlockTask               0x000017e1   Thumb Code   102  timers.o(i.prvProcessTimerOrBlockTask)
    i.prvQueueAccessLogError                 0x00001854   Section        0  intqueue.o(i.prvQueueAccessLogError)
    prvQueueAccessLogError                   0x00001855   Thumb Code    12  intqueue.o(i.prvQueueAccessLogError)
    i.prvQueueReceiveTask                    0x00001868   Section        0  main_blinky.o(i.prvQueueReceiveTask)
    prvQueueReceiveTask                      0x00001869   Thumb Code    44  main_blinky.o(i.prvQueueReceiveTask)
    i.prvQueueSendTask                       0x00001898   Section        0  main_blinky.o(i.prvQueueSendTask)
    prvQueueSendTask                         0x00001899   Thumb Code    44  main_blinky.o(i.prvQueueSendTask)
    i.prvRecordValue_NormallyEmpty           0x000018c8   Section        0  intqueue.o(i.prvRecordValue_NormallyEmpty)
    prvRecordValue_NormallyEmpty             0x000018c9   Thumb Code    28  intqueue.o(i.prvRecordValue_NormallyEmpty)
    i.prvRecordValue_NormallyFull            0x000018e8   Section        0  intqueue.o(i.prvRecordValue_NormallyFull)
    prvRecordValue_NormallyFull              0x000018e9   Thumb Code    28  intqueue.o(i.prvRecordValue_NormallyFull)
    i.prvReloadTimer                         0x00001908   Section        0  timers.o(i.prvReloadTimer)
    prvReloadTimer                           0x00001909   Thumb Code    40  timers.o(i.prvReloadTimer)
    i.prvResetNextTaskUnblockTime            0x00001930   Section        0  tasks.o(i.prvResetNextTaskUnblockTime)
    prvResetNextTaskUnblockTime              0x00001931   Thumb Code    40  tasks.o(i.prvResetNextTaskUnblockTime)
    i.prvSampleTimeNow                       0x00001960   Section        0  timers.o(i.prvSampleTimeNow)
    prvSampleTimeNow                         0x00001961   Thumb Code    40  timers.o(i.prvSampleTimeNow)
    i.prvSetupHardware                       0x0000198c   Section        0  main.o(i.prvSetupHardware)
    prvSetupHardware                         0x0000198d   Thumb Code    54  main.o(i.prvSetupHardware)
    i.prvSwitchTimerLists                    0x000019c4   Section        0  timers.o(i.prvSwitchTimerLists)
    prvSwitchTimerLists                      0x000019c5   Thumb Code    58  timers.o(i.prvSwitchTimerLists)
    i.prvTaskExitError                       0x00001a08   Section        0  port.o(i.prvTaskExitError)
    prvTaskExitError                         0x00001a09   Thumb Code    60  port.o(i.prvTaskExitError)
    i.prvTimerTask                           0x00001a48   Section        0  timers.o(i.prvTimerTask)
    prvTimerTask                             0x00001a49   Thumb Code    26  timers.o(i.prvTimerTask)
    i.prvUnlockQueue                         0x00001a62   Section        0  queue.o(i.prvUnlockQueue)
    prvUnlockQueue                           0x00001a63   Thumb Code   126  queue.o(i.prvUnlockQueue)
    i.pvPortMalloc                           0x00001ae0   Section        0  heap_4.o(i.pvPortMalloc)
    i.pxPortInitialiseStack                  0x00001c54   Section        0  port.o(i.pxPortInitialiseStack)
    i.uxListRemove                           0x00001c80   Section        0  list.o(i.uxListRemove)
    i.vApplicationIdleHook                   0x00001ca8   Section        0  main.o(i.vApplicationIdleHook)
    i.vApplicationMallocFailedHook           0x00001caa   Section        0  main.o(i.vApplicationMallocFailedHook)
    i.vApplicationStackOverflowHook          0x00001cc0   Section        0  main.o(i.vApplicationStackOverflowHook)
    i.vApplicationTickHook                   0x00001cd6   Section        0  main_blinky.o(i.vApplicationTickHook)
    i.vListInitialise                        0x00001cd8   Section        0  list.o(i.vListInitialise)
    i.vListInitialiseItem                    0x00001cf2   Section        0  list.o(i.vListInitialiseItem)
    i.vListInsert                            0x00001cf8   Section        0  list.o(i.vListInsert)
    i.vPortEnterCritical                     0x00001d2c   Section        0  port.o(i.vPortEnterCritical)
    i.vPortExitCritical                      0x00001d80   Section        0  port.o(i.vPortExitCritical)
    i.vPortFree                              0x00001dbc   Section        0  heap_4.o(i.vPortFree)
    i.vPortSetupTimerInterrupt               0x00001e60   Section        0  port.o(i.vPortSetupTimerInterrupt)
    i.vPortSuppressTicksAndSleep             0x00001ec8   Section        0  port.o(i.vPortSuppressTicksAndSleep)
    i.vPortValidateInterruptPriority         0x0000201c   Section        0  port.o(i.vPortValidateInterruptPriority)
    i.vPreSleepProcessing                    0x00002094   Section        0  main_blinky.o(i.vPreSleepProcessing)
    i.vQueueWaitForMessageRestricted         0x00002096   Section        0  queue.o(i.vQueueWaitForMessageRestricted)
    i.vT32_0_Handler                         0x000020e0   Section        0  intqueuetimer.o(i.vT32_0_Handler)
    i.vT32_1_Handler                         0x0000210c   Section        0  intqueuetimer.o(i.vT32_1_Handler)
    i.vTaskGenericNotifyGiveFromISR          0x00002138   Section        0  tasks.o(i.vTaskGenericNotifyGiveFromISR)
    i.vTaskInternalSetTimeOutState           0x000022c4   Section        0  tasks.o(i.vTaskInternalSetTimeOutState)
    i.vTaskMissedYield                       0x000022dc   Section        0  tasks.o(i.vTaskMissedYield)
    i.vTaskPlaceOnEventList                  0x000022e8   Section        0  tasks.o(i.vTaskPlaceOnEventList)
    i.vTaskPlaceOnEventListRestricted        0x00002320   Section        0  tasks.o(i.vTaskPlaceOnEventListRestricted)
    i.vTaskStartScheduler                    0x00002384   Section        0  tasks.o(i.vTaskStartScheduler)
    i.vTaskStepTick                          0x00002420   Section        0  tasks.o(i.vTaskStepTick)
    i.vTaskSuspendAll                        0x00002460   Section        0  tasks.o(i.vTaskSuspendAll)
    i.vTaskSwitchContext                     0x00002470   Section        0  tasks.o(i.vTaskSwitchContext)
    i.vUART_Handler                          0x00002534   Section        0  serial.o(i.vUART_Handler)
    i.xFirstTimerHandler                     0x000025dc   Section        0  intqueue.o(i.xFirstTimerHandler)
    i.xPortStartScheduler                    0x0000274c   Section        0  port.o(i.xPortStartScheduler)
    i.xQueueGenericCreate                    0x000028dc   Section        0  queue.o(i.xQueueGenericCreate)
    i.xQueueGenericReset                     0x00002944   Section        0  queue.o(i.xQueueGenericReset)
    i.xQueueGenericSend                      0x00002a20   Section        0  queue.o(i.xQueueGenericSend)
    i.xQueueGenericSendFromISR               0x00002bc8   Section        0  queue.o(i.xQueueGenericSendFromISR)
    i.xQueueIsQueueFullFromISR               0x00002ce8   Section        0  queue.o(i.xQueueIsQueueFullFromISR)
    i.xQueueReceive                          0x00002d18   Section        0  queue.o(i.xQueueReceive)
    i.xQueueReceiveFromISR                   0x00002e80   Section        0  queue.o(i.xQueueReceiveFromISR)
    i.xSecondTimerHandler                    0x00002f70   Section        0  intqueue.o(i.xSecondTimerHandler)
    i.xTaskCheckForTimeOut                   0x000031a0   Section        0  tasks.o(i.xTaskCheckForTimeOut)
    i.xTaskCreate                            0x00003230   Section        0  tasks.o(i.xTaskCreate)
    i.xTaskGetSchedulerState                 0x00003290   Section        0  tasks.o(i.xTaskGetSchedulerState)
    i.xTaskGetTickCount                      0x000032b0   Section        0  tasks.o(i.xTaskGetTickCount)
    i.xTaskIncrementTick                     0x000032bc   Section        0  tasks.o(i.xTaskIncrementTick)
    i.xTaskPriorityDisinherit                0x00003484   Section        0  tasks.o(i.xTaskPriorityDisinherit)
    i.xTaskRemoveFromEventList               0x00003574   Section        0  tasks.o(i.xTaskRemoveFromEventList)
    i.xTaskResumeAll                         0x00003698   Section        0  tasks.o(i.xTaskResumeAll)
    i.xTimerCreateTimerTask                  0x00003810   Section        0  timers.o(i.xTimerCreateTimerTask)
    .constdata                               0x00003864   Section      144  interrupt.o(.constdata)
    g_pulPriority                            0x00003864   Data          32  interrupt.o(.constdata)
    g_pulRegs                                0x00003884   Data          80  interrupt.o(.constdata)
    g_pulEnRegs                              0x000038d4   Data           8  interrupt.o(.constdata)
    g_pulDisRegs                             0x000038dc   Data           8  interrupt.o(.constdata)
    g_pulPendRegs                            0x000038e4   Data           8  interrupt.o(.constdata)
    g_pulUnpendRegs                          0x000038ec   Data           8  interrupt.o(.constdata)
    .data                                    0x20000000   Section        4  main_blinky.o(.data)
    xQueue                                   0x20000000   Data           4  main_blinky.o(.data)
    .data                                    0x20000004   Section       64  tasks.o(.data)
    pxDelayedTaskList                        0x20000008   Data           4  tasks.o(.data)
    pxOverflowDelayedTaskList                0x2000000c   Data           4  tasks.o(.data)
    uxDeletedTasksWaitingCleanUp             0x20000010   Data           4  tasks.o(.data)
    uxCurrentNumberOfTasks                   0x20000014   Data           4  tasks.o(.data)
    xTickCount                               0x20000018   Data           4  tasks.o(.data)
    uxTopReadyPriority                       0x2000001c   Data           4  tasks.o(.data)
    xSchedulerRunning                        0x20000020   Data           4  tasks.o(.data)
    xPendedTicks                             0x20000024   Data           4  tasks.o(.data)
    xYieldPending                            0x20000028   Data           4  tasks.o(.data)
    xNumOfOverflows                          0x2000002c   Data           4  tasks.o(.data)
    uxTaskNumber                             0x20000030   Data           4  tasks.o(.data)
    xNextTaskUnblockTime                     0x20000034   Data           4  tasks.o(.data)
    xIdleTaskHandle                          0x20000038   Data           4  tasks.o(.data)
    uxSchedulerSuspended                     0x20000040   Data           4  tasks.o(.data)
    .data                                    0x20000044   Section       20  timers.o(.data)
    pxCurrentTimerList                       0x20000044   Data           4  timers.o(.data)
    pxOverflowTimerList                      0x20000048   Data           4  timers.o(.data)
    xTimerQueue                              0x2000004c   Data           4  timers.o(.data)
    xTimerTaskHandle                         0x20000050   Data           4  timers.o(.data)
    xLastTime                                0x20000054   Data           4  timers.o(.data)
    .data                                    0x20000058   Section       32  heap_4.o(.data)
    xStart                                   0x20000058   Data           8  heap_4.o(.data)
    pxEnd                                    0x20000060   Data           4  heap_4.o(.data)
    xFreeBytesRemaining                      0x20000064   Data           4  heap_4.o(.data)
    xMinimumEverFreeBytesRemaining           0x20000068   Data           4  heap_4.o(.data)
    xNumberOfSuccessfulAllocations           0x2000006c   Data           4  heap_4.o(.data)
    xNumberOfSuccessfulFrees                 0x20000070   Data           4  heap_4.o(.data)
    xBlockAllocatedBit                       0x20000074   Data           4  heap_4.o(.data)
    .data                                    0x20000078   Section       24  port.o(.data)
    uxCriticalNesting                        0x20000078   Data           4  port.o(.data)
    ulTimerCountsForOneTick                  0x2000007c   Data           4  port.o(.data)
    xMaximumPossibleSuppressedTicks          0x20000080   Data           4  port.o(.data)
    ulStoppedTimerCompensation               0x20000084   Data           4  port.o(.data)
    ucMaxSysCallPriority                     0x20000088   Data           1  port.o(.data)
    ulMaxPRIGROUPValue                       0x2000008c   Data           4  port.o(.data)
    .data                                    0x20000090   Section       16  serial.o(.data)
    xRxQueue                                 0x20000090   Data           4  serial.o(.data)
    pcStringStart                            0x20000094   Data           4  serial.o(.data)
    pcStringEnd                              0x20000098   Data           4  serial.o(.data)
    xTransmittingTask                        0x2000009c   Data           4  serial.o(.data)
    .data                                    0x200000a0   Section       84  intqueue.o(.data)
    xNormallyEmptyQueue                      0x200000a0   Data           4  intqueue.o(.data)
    xNormallyFullQueue                       0x200000a4   Data           4  intqueue.o(.data)
    uxHighPriorityLoops1                     0x200000a8   Data           4  intqueue.o(.data)
    uxHighPriorityLoops2                     0x200000ac   Data           4  intqueue.o(.data)
    uxLowPriorityLoops1                      0x200000b0   Data           4  intqueue.o(.data)
    uxLowPriorityLoops2                      0x200000b4   Data           4  intqueue.o(.data)
    xErrorStatus                             0x200000b8   Data           4  intqueue.o(.data)
    xErrorLine                               0x200000bc   Data           4  intqueue.o(.data)
    xWasSuspended                            0x200000c0   Data           4  intqueue.o(.data)
    uxValueForNormallyEmptyQueue             0x200000c4   Data           4  intqueue.o(.data)
    uxValueForNormallyFullQueue              0x200000c8   Data           4  intqueue.o(.data)
    uxNextOperation                          0x200000dc   Data           4  intqueue.o(.data)
    uxNextOperation                          0x200000e0   Data           4  intqueue.o(.data)
    uxLastHighPriorityLoops1                 0x200000e4   Data           4  intqueue.o(.data)
    uxLastHighPriorityLoops2                 0x200000e8   Data           4  intqueue.o(.data)
    uxLastLowPriorityLoops1                  0x200000ec   Data           4  intqueue.o(.data)
    uxLastLowPriorityLoops2                  0x200000f0   Data           4  intqueue.o(.data)
    .data                                    0x200000f4   Section        8  cs.o(.data)
    hfxtFreq                                 0x200000f4   Data           4  cs.o(.data)
    lfxtFreq                                 0x200000f8   Data           4  cs.o(.data)
    .data                                    0x200000fc   Section       48  gpio.o(.data)
    GPIO_PORT_TO_BASE                        0x200000fc   Data          48  gpio.o(.data)
    .bss                                     0x2000012c   Section      200  tasks.o(.bss)
    pxReadyTasksLists                        0x2000012c   Data         100  tasks.o(.bss)
    xDelayedTaskList1                        0x20000190   Data          20  tasks.o(.bss)
    xDelayedTaskList2                        0x200001a4   Data          20  tasks.o(.bss)
    xPendingReadyList                        0x200001b8   Data          20  tasks.o(.bss)
    xTasksWaitingTermination                 0x200001cc   Data          20  tasks.o(.bss)
    xSuspendedTaskList                       0x200001e0   Data          20  tasks.o(.bss)
    .bss                                     0x200001f4   Section       40  timers.o(.bss)
    xActiveTimerList1                        0x200001f4   Data          20  timers.o(.bss)
    xActiveTimerList2                        0x20000208   Data          20  timers.o(.bss)
    .bss                                     0x2000021c   Section    51200  heap_4.o(.bss)
    ucHeap                                   0x2000021c   Data       51200  heap_4.o(.bss)
    .bss                                     0x2000ca1c   Section      400  intqueue.o(.bss)
    ucNormallyEmptyReceivedValues            0x2000ca1c   Data         200  intqueue.o(.bss)
    ucNormallyFullReceivedValues             0x2000cae4   Data         200  intqueue.o(.bss)
    STACK                                    0x2000cbb0   Section      512  startup_msp432p4.o(STACK)

    Global Symbols

    Symbol Name                              Value     Ov Type        Size  Object(Section)

    BuildAttributes$$THM_ISAv4$E$P$D$K$B$S$7EM$VFPi3$EXTD16$VFPS$VFMA$PE$A:L22UL41UL21$X:L11$S22US41US21$IEEE1$IW$USESV6$~STKCKD$USESV7$~SHL$OTIME$ROPI$IEEEJ$EBA8$MICROLIB$REQ8$PRES8$EABIv2 0x00000000   Number         0  anon$$obj.o ABSOLUTE
    __ARM_use_no_argv                        0x00000000   Number         0  main.o ABSOLUTE
    __Vectors                                0x00000000   Data           4  startup_msp432p4.o(RESET)
    _printf_a                                0x00000000   Number         0  stubs.o ABSOLUTE
    _printf_c                                0x00000000   Number         0  stubs.o ABSOLUTE
    _printf_charcount                        0x00000000   Number         0  stubs.o ABSOLUTE
    _printf_d                                0x00000000   Number         0  stubs.o ABSOLUTE
    _printf_e                                0x00000000   Number         0  stubs.o ABSOLUTE
    _printf_f                                0x00000000   Number         0  stubs.o ABSOLUTE
    _printf_flags                            0x00000000   Number         0  stubs.o ABSOLUTE
    _printf_fp_dec                           0x00000000   Number         0  stubs.o ABSOLUTE
    _printf_fp_hex                           0x00000000   Number         0  stubs.o ABSOLUTE
    _printf_g                                0x00000000   Number         0  stubs.o ABSOLUTE
    _printf_i                                0x00000000   Number         0  stubs.o ABSOLUTE
    _printf_int_dec                          0x00000000   Number         0  stubs.o ABSOLUTE
    _printf_l                                0x00000000   Number         0  stubs.o ABSOLUTE
    _printf_lc                               0x00000000   Number         0  stubs.o ABSOLUTE
    _printf_ll                               0x00000000   Number         0  stubs.o ABSOLUTE
    _printf_lld                              0x00000000   Number         0  stubs.o ABSOLUTE
    _printf_lli                              0x00000000   Number         0  stubs.o ABSOLUTE
    _printf_llo                              0x00000000   Number         0  stubs.o ABSOLUTE
    _printf_llu                              0x00000000   Number         0  stubs.o ABSOLUTE
    _printf_llx                              0x00000000   Number         0  stubs.o ABSOLUTE
    _printf_longlong_dec                     0x00000000   Number         0  stubs.o ABSOLUTE
    _printf_longlong_hex                     0x00000000   Number         0  stubs.o ABSOLUTE
    _printf_longlong_oct                     0x00000000   Number         0  stubs.o ABSOLUTE
    _printf_ls                               0x00000000   Number         0  stubs.o ABSOLUTE
    _printf_mbtowc                           0x00000000   Number         0  stubs.o ABSOLUTE
    _printf_n                                0x00000000   Number         0  stubs.o ABSOLUTE
    _printf_o                                0x00000000   Number         0  stubs.o ABSOLUTE
    _printf_p                                0x00000000   Number         0  stubs.o ABSOLUTE
    _printf_percent                          0x00000000   Number         0  stubs.o ABSOLUTE
    _printf_pre_padding                      0x00000000   Number         0  stubs.o ABSOLUTE
    _printf_return_value                     0x00000000   Number         0  stubs.o ABSOLUTE
    _printf_s                                0x00000000   Number         0  stubs.o ABSOLUTE
    _printf_sizespec                         0x00000000   Number         0  stubs.o ABSOLUTE
    _printf_str                              0x00000000   Number         0  stubs.o ABSOLUTE
    _printf_truncate_signed                  0x00000000   Number         0  stubs.o ABSOLUTE
    _printf_truncate_unsigned                0x00000000   Number         0  stubs.o ABSOLUTE
    _printf_u                                0x00000000   Number         0  stubs.o ABSOLUTE
    _printf_wc                               0x00000000   Number         0  stubs.o ABSOLUTE
    _printf_wctomb                           0x00000000   Number         0  stubs.o ABSOLUTE
    _printf_widthprec                        0x00000000   Number         0  stubs.o ABSOLUTE
    _printf_x                                0x00000000   Number         0  stubs.o ABSOLUTE
    __arm_fini_                               - Undefined Weak Reference
    __cpp_initialize__aeabi_                  - Undefined Weak Reference
    __cxa_finalize                            - Undefined Weak Reference
    _clock_init                               - Undefined Weak Reference
    _microlib_exit                            - Undefined Weak Reference
    __Vectors_End                            0x00000144   Data           0  startup_msp432p4.o(RESET)
    __Vectors_Size                           0x00000144   Number         0  startup_msp432p4.o ABSOLUTE
    __main                                   0x00000145   Thumb Code     0  entry.o(.ARM.Collect$$$$00000000)
    _main_stk                                0x00000145   Thumb Code     0  entry2.o(.ARM.Collect$$$$00000001)
    _main_scatterload                        0x00000149   Thumb Code     0  entry5.o(.ARM.Collect$$$$00000004)
    __main_after_scatterload                 0x0000014d   Thumb Code     0  entry5.o(.ARM.Collect$$$$00000004)
    _main_clock                              0x0000014d   Thumb Code     0  entry7b.o(.ARM.Collect$$$$00000008)
    _main_cpp_init                           0x0000014d   Thumb Code     0  entry8b.o(.ARM.Collect$$$$0000000A)
    _main_init                               0x0000014d   Thumb Code     0  entry9a.o(.ARM.Collect$$$$0000000B)
    __rt_lib_shutdown_fini                   0x00000155   Thumb Code     0  entry12b.o(.ARM.Collect$$$$0000000E)
    __rt_final_cpp                           0x00000159   Thumb Code     0  entry10a.o(.ARM.Collect$$$$0000000F)
    __rt_final_exit                          0x00000159   Thumb Code     0  entry11a.o(.ARM.Collect$$$$00000011)
    SVC_Handler                              0x0000015d   Thumb Code    28  port.o(.emb_text)
    __asm___6_port_c_39a90d8d__prvStartFirstTask 0x0000017d   Thumb Code    36  port.o(.emb_text)
    __asm___6_port_c_39a90d8d__prvEnableVFP  0x000001a5   Thumb Code    16  port.o(.emb_text)
    PendSV_Handler                           0x000001b9   Thumb Code    88  port.o(.emb_text)
    vPortGetIPSR                             0x00000215   Thumb Code     6  port.o(.emb_text)
    Reset_Handler                            0x0000021d   Thumb Code     8  startup_msp432p4.o(.text)
    NMI_Handler                              0x00000225   Thumb Code     2  startup_msp432p4.o(.text)
    HardFault_Handler                        0x00000227   Thumb Code     2  startup_msp432p4.o(.text)
    MemManage_Handler                        0x00000229   Thumb Code     2  startup_msp432p4.o(.text)
    BusFault_Handler                         0x0000022b   Thumb Code     2  startup_msp432p4.o(.text)
    UsageFault_Handler                       0x0000022d   Thumb Code     2  startup_msp432p4.o(.text)
    DebugMon_Handler                         0x00000231   Thumb Code     2  startup_msp432p4.o(.text)
    ADC14_IRQHandler                         0x00000237   Thumb Code     0  startup_msp432p4.o(.text)
    AES256_IRQHandler                        0x00000237   Thumb Code     0  startup_msp432p4.o(.text)
    COMP_E0_IRQHandler                       0x00000237   Thumb Code     0  startup_msp432p4.o(.text)
    COMP_E1_IRQHandler                       0x00000237   Thumb Code     0  startup_msp432p4.o(.text)
    CS_IRQHandler                            0x00000237   Thumb Code     0  startup_msp432p4.o(.text)
    DMA_ERR_IRQHandler                       0x00000237   Thumb Code     0  startup_msp432p4.o(.text)
    DMA_INT0_IRQHandler                      0x00000237   Thumb Code     0  startup_msp432p4.o(.text)
    DMA_INT1_IRQHandler                      0x00000237   Thumb Code     0  startup_msp432p4.o(.text)
    DMA_INT2_IRQHandler                      0x00000237   Thumb Code     0  startup_msp432p4.o(.text)
    DMA_INT3_IRQHandler                      0x00000237   Thumb Code     0  startup_msp432p4.o(.text)
    EUSCIA0_IRQHandler                       0x00000237   Thumb Code     0  startup_msp432p4.o(.text)
    EUSCIA1_IRQHandler                       0x00000237   Thumb Code     0  startup_msp432p4.o(.text)
    EUSCIA2_IRQHandler                       0x00000237   Thumb Code     0  startup_msp432p4.o(.text)
    EUSCIA3_IRQHandler                       0x00000237   Thumb Code     0  startup_msp432p4.o(.text)
    EUSCIB0_IRQHandler                       0x00000237   Thumb Code     0  startup_msp432p4.o(.text)
    EUSCIB1_IRQHandler                       0x00000237   Thumb Code     0  startup_msp432p4.o(.text)
    EUSCIB2_IRQHandler                       0x00000237   Thumb Code     0  startup_msp432p4.o(.text)
    EUSCIB3_IRQHandler                       0x00000237   Thumb Code     0  startup_msp432p4.o(.text)
    FLCTL_IRQHandler                         0x00000237   Thumb Code     0  startup_msp432p4.o(.text)
    FPU_IRQHandler                           0x00000237   Thumb Code     0  startup_msp432p4.o(.text)
    PCM_IRQHandler                           0x00000237   Thumb Code     0  startup_msp432p4.o(.text)
    PORT2_IRQHandler                         0x00000237   Thumb Code     0  startup_msp432p4.o(.text)
    PORT3_IRQHandler                         0x00000237   Thumb Code     0  startup_msp432p4.o(.text)
    PORT4_IRQHandler                         0x00000237   Thumb Code     0  startup_msp432p4.o(.text)
    PORT5_IRQHandler                         0x00000237   Thumb Code     0  startup_msp432p4.o(.text)
    PORT6_IRQHandler                         0x00000237   Thumb Code     0  startup_msp432p4.o(.text)
    PSS_IRQHandler                           0x00000237   Thumb Code     0  startup_msp432p4.o(.text)
    RTC_C_IRQHandler                         0x00000237   Thumb Code     0  startup_msp432p4.o(.text)
    T32_INT1_IRQHandler                      0x00000237   Thumb Code     0  startup_msp432p4.o(.text)
    T32_INT2_IRQHandler                      0x00000237   Thumb Code     0  startup_msp432p4.o(.text)
    T32_INTC_IRQHandler                      0x00000237   Thumb Code     0  startup_msp432p4.o(.text)
    TA0_0_IRQHandler                         0x00000237   Thumb Code     0  startup_msp432p4.o(.text)
    TA0_N_IRQHandler                         0x00000237   Thumb Code     0  startup_msp432p4.o(.text)
    TA1_0_IRQHandler                         0x00000237   Thumb Code     0  startup_msp432p4.o(.text)
    TA1_N_IRQHandler                         0x00000237   Thumb Code     0  startup_msp432p4.o(.text)
    TA2_0_IRQHandler                         0x00000237   Thumb Code     0  startup_msp432p4.o(.text)
    TA2_N_IRQHandler                         0x00000237   Thumb Code     0  startup_msp432p4.o(.text)
    TA3_0_IRQHandler                         0x00000237   Thumb Code     0  startup_msp432p4.o(.text)
    TA3_N_IRQHandler                         0x00000237   Thumb Code     0  startup_msp432p4.o(.text)
    WDT_A_IRQHandler                         0x00000237   Thumb Code     0  startup_msp432p4.o(.text)
    __aeabi_memcpy                           0x00000241   Thumb Code    36  memcpya.o(.text)
    __aeabi_memcpy4                          0x00000241   Thumb Code     0  memcpya.o(.text)
    __aeabi_memcpy8                          0x00000241   Thumb Code     0  memcpya.o(.text)
    __aeabi_memset                           0x00000265   Thumb Code    14  memseta.o(.text)
    __aeabi_memset4                          0x00000265   Thumb Code     0  memseta.o(.text)
    __aeabi_memset8                          0x00000265   Thumb Code     0  memseta.o(.text)
    __aeabi_memclr                           0x00000273   Thumb Code     4  memseta.o(.text)
    __aeabi_memclr4                          0x00000273   Thumb Code     0  memseta.o(.text)
    __aeabi_memclr8                          0x00000273   Thumb Code     0  memseta.o(.text)
    _memset$wrapper                          0x00000277   Thumb Code    18  memseta.o(.text)
    __scatterload                            0x00000289   Thumb Code    28  init.o(.text)
    __scatterload_rt2                        0x00000289   Thumb Code     0  init.o(.text)
    __decompress                             0x000002ad   Thumb Code     0  __dczerorl2.o(.text)
    __decompress1                            0x000002ad   Thumb Code    86  __dczerorl2.o(.text)
    CS_clearInterruptFlag                    0x00000305   Thumb Code    30  cs.o(i.CS_clearInterruptFlag)
    CS_getDCOFrequency                       0x0000032d   Thumb Code   318  cs.o(i.CS_getDCOFrequency)
    CS_getMCLK                               0x0000047d   Thumb Code    30  cs.o(i.CS_getMCLK)
    CS_initClockSignal                       0x000004a1   Thumb Code   290  cs.o(i.CS_initClockSignal)
    CS_setDCOCenteredFrequency               0x000005d9   Thumb Code    30  cs.o(i.CS_setDCOCenteredFrequency)
    FPU_enableModule                         0x00000601   Thumb Code    14  fpu.o(i.FPU_enableModule)
    FlashCtl_setWaitState                    0x00000615   Thumb Code    42  flash.o(i.FlashCtl_setWaitState)
    GPIO_enableInterrupt                     0x00000645   Thumb Code    14  gpio.o(i.GPIO_enableInterrupt)
    GPIO_getInputPinValue                    0x00000659   Thumb Code    26  gpio.o(i.GPIO_getInputPinValue)
    GPIO_getInterruptStatus                  0x00000679   Thumb Code    14  gpio.o(i.GPIO_getInterruptStatus)
    GPIO_interruptEdgeSelect                 0x0000068d   Thumb Code    28  gpio.o(i.GPIO_interruptEdgeSelect)
    GPIO_setAsInputPinWithPullUpResistor     0x000006ad   Thumb Code    40  gpio.o(i.GPIO_setAsInputPinWithPullUpResistor)
    GPIO_setAsOutputPin                      0x000006d9   Thumb Code    28  gpio.o(i.GPIO_setAsOutputPin)
    GPIO_setAsPeripheralModuleFunctionInputPin 0x000006f9   Thumb Code    76  gpio.o(i.GPIO_setAsPeripheralModuleFunctionInputPin)
    GPIO_setOutputHighOnPin                  0x00000749   Thumb Code    14  gpio.o(i.GPIO_setOutputHighOnPin)
    GPIO_setOutputLowOnPin                   0x0000075d   Thumb Code    14  gpio.o(i.GPIO_setOutputLowOnPin)
    GPIO_toggleOutputOnPin                   0x00000771   Thumb Code    14  gpio.o(i.GPIO_toggleOutputOnPin)
    Interrupt_enableInterrupt                0x00000785   Thumb Code   108  interrupt.o(i.Interrupt_enableInterrupt)
    PCM_getCoreVoltageLevel                  0x000007f9   Thumb Code    98  pcm.o(i.PCM_getCoreVoltageLevel)
    PCM_getPowerMode                         0x0000085b   Thumb Code    88  pcm.o(i.PCM_getPowerMode)
    PCM_getPowerState                        0x000008b5   Thumb Code     8  pcm.o(i.PCM_getPowerState)
    PCM_setCoreVoltageLevel                  0x000008c1   Thumb Code    16  pcm.o(i.PCM_setCoreVoltageLevel)
    PCM_setPowerMode                         0x000008d1   Thumb Code    16  pcm.o(i.PCM_setPowerMode)
    PORT1_IRQHandler                         0x000008e1   Thumb Code    26  main_blinky.o(i.PORT1_IRQHandler)
    SysCtl_getTLVInfo                        0x00000901   Thumb Code    72  sysctl.o(i.SysCtl_getTLVInfo)
    SysTick_Handler                          0x00000951   Thumb Code    46  port.o(i.SysTick_Handler)
    SystemInit                               0x00000985   Thumb Code   118  system_msp432p401r.o(i.SystemInit)
    Timer32_clearInterruptFlag               0x00000a1d   Thumb Code    10  timer32.o(i.Timer32_clearInterruptFlag)
    UART_disableInterrupt                    0x00000a27   Thumb Code    22  uart.o(i.UART_disableInterrupt)
    UART_getEnabledInterruptStatus           0x00000a3d   Thumb Code    62  uart.o(i.UART_getEnabledInterruptStatus)
    UART_getInterruptStatus                  0x00000a7b   Thumb Code     8  uart.o(i.UART_getInterruptStatus)
    UART_receiveData                         0x00000a83   Thumb Code    44  uart.o(i.UART_receiveData)
    WDT_A_holdTimer                          0x00000ab1   Thumb Code    20  wdt_a.o(i.WDT_A_holdTimer)
    __scatterload_copy                       0x00000e31   Thumb Code    14  handlers.o(i.__scatterload_copy)
    __scatterload_null                       0x00000e3f   Thumb Code     2  handlers.o(i.__scatterload_null)
    __scatterload_zeroinit                   0x00000e41   Thumb Code    14  handlers.o(i.__scatterload_zeroinit)
    eTaskConfirmSleepModeStatus              0x00000e51   Thumb Code    52  tasks.o(i.eTaskConfirmSleepModeStatus)
    main                                     0x00000e99   Thumb Code    14  main.o(i.main)
    main_blinky                              0x00000ea9   Thumb Code    80  main_blinky.o(i.main_blinky)
    pvPortMalloc                             0x00001ae1   Thumb Code   348  heap_4.o(i.pvPortMalloc)
    pxPortInitialiseStack                    0x00001c55   Thumb Code    38  port.o(i.pxPortInitialiseStack)
    uxListRemove                             0x00001c81   Thumb Code    40  list.o(i.uxListRemove)
    vApplicationIdleHook                     0x00001ca9   Thumb Code     2  main.o(i.vApplicationIdleHook)
    vApplicationMallocFailedHook             0x00001cab   Thumb Code    22  main.o(i.vApplicationMallocFailedHook)
    vApplicationStackOverflowHook            0x00001cc1   Thumb Code    22  main.o(i.vApplicationStackOverflowHook)
    vApplicationTickHook                     0x00001cd7   Thumb Code     2  main_blinky.o(i.vApplicationTickHook)
    vListInitialise                          0x00001cd9   Thumb Code    26  list.o(i.vListInitialise)
    vListInitialiseItem                      0x00001cf3   Thumb Code     6  list.o(i.vListInitialiseItem)
    vListInsert                              0x00001cf9   Thumb Code    52  list.o(i.vListInsert)
    vPortEnterCritical                       0x00001d2d   Thumb Code    76  port.o(i.vPortEnterCritical)
    vPortExitCritical                        0x00001d81   Thumb Code    56  port.o(i.vPortExitCritical)
    vPortFree                                0x00001dbd   Thumb Code   150  heap_4.o(i.vPortFree)
    vPortSetupTimerInterrupt                 0x00001e61   Thumb Code    90  port.o(i.vPortSetupTimerInterrupt)
    vPortSuppressTicksAndSleep               0x00001ec9   Thumb Code   326  port.o(i.vPortSuppressTicksAndSleep)
    vPortValidateInterruptPriority           0x0000201d   Thumb Code   106  port.o(i.vPortValidateInterruptPriority)
    vPreSleepProcessing                      0x00002095   Thumb Code     2  main_blinky.o(i.vPreSleepProcessing)
    vQueueWaitForMessageRestricted           0x00002097   Thumb Code    74  queue.o(i.vQueueWaitForMessageRestricted)
    vT32_0_Handler                           0x000020e1   Thumb Code    36  intqueuetimer.o(i.vT32_0_Handler)
    vT32_1_Handler                           0x0000210d   Thumb Code    36  intqueuetimer.o(i.vT32_1_Handler)
    vTaskGenericNotifyGiveFromISR            0x00002139   Thumb Code   372  tasks.o(i.vTaskGenericNotifyGiveFromISR)
    vTaskInternalSetTimeOutState             0x000022c5   Thumb Code    14  tasks.o(i.vTaskInternalSetTimeOutState)
    vTaskMissedYield                         0x000022dd   Thumb Code     8  tasks.o(i.vTaskMissedYield)
    vTaskPlaceOnEventList                    0x000022e9   Thumb Code    52  tasks.o(i.vTaskPlaceOnEventList)
    vTaskPlaceOnEventListRestricted          0x00002321   Thumb Code    94  tasks.o(i.vTaskPlaceOnEventListRestricted)
    vTaskStartScheduler                      0x00002385   Thumb Code   122  tasks.o(i.vTaskStartScheduler)
    vTaskStepTick                            0x00002421   Thumb Code    56  tasks.o(i.vTaskStepTick)
    vTaskSuspendAll                          0x00002461   Thumb Code    12  tasks.o(i.vTaskSuspendAll)
    vTaskSwitchContext                       0x00002471   Thumb Code   174  tasks.o(i.vTaskSwitchContext)
    vUART_Handler                            0x00002535   Thumb Code   142  serial.o(i.vUART_Handler)
    xFirstTimerHandler                       0x000025dd   Thumb Code   352  intqueue.o(i.xFirstTimerHandler)
    xPortStartScheduler                      0x0000274d   Thumb Code   372  port.o(i.xPortStartScheduler)
    xQueueGenericCreate                      0x000028dd   Thumb Code   102  queue.o(i.xQueueGenericCreate)
    xQueueGenericReset                       0x00002945   Thumb Code   214  queue.o(i.xQueueGenericReset)
    xQueueGenericSend                        0x00002a21   Thumb Code   420  queue.o(i.xQueueGenericSend)
    xQueueGenericSendFromISR                 0x00002bc9   Thumb Code   288  queue.o(i.xQueueGenericSendFromISR)
    xQueueIsQueueFullFromISR                 0x00002ce9   Thumb Code    46  queue.o(i.xQueueIsQueueFullFromISR)
    xQueueReceive                            0x00002d19   Thumb Code   356  queue.o(i.xQueueReceive)
    xQueueReceiveFromISR                     0x00002e81   Thumb Code   238  queue.o(i.xQueueReceiveFromISR)
    xSecondTimerHandler                      0x00002f71   Thumb Code   538  intqueue.o(i.xSecondTimerHandler)
    xTaskCheckForTimeOut                     0x000031a1   Thumb Code   136  tasks.o(i.xTaskCheckForTimeOut)
    xTaskCreate                              0x00003231   Thumb Code    96  tasks.o(i.xTaskCreate)
    xTaskGetSchedulerState                   0x00003291   Thumb Code    24  tasks.o(i.xTaskGetSchedulerState)
    xTaskGetTickCount                        0x000032b1   Thumb Code     6  tasks.o(i.xTaskGetTickCount)
    xTaskIncrementTick                       0x000032bd   Thumb Code   412  tasks.o(i.xTaskIncrementTick)
    xTaskPriorityDisinherit                  0x00003485   Thumb Code   226  tasks.o(i.xTaskPriorityDisinherit)
    xTaskRemoveFromEventList                 0x00003575   Thumb Code   268  tasks.o(i.xTaskRemoveFromEventList)
    xTaskResumeAll                           0x00003699   Thumb Code   338  tasks.o(i.xTaskResumeAll)
    xTimerCreateTimerTask                    0x00003811   Thumb Code    64  timers.o(i.xTimerCreateTimerTask)
    Region$$Table$$Base                      0x000038f4   Number         0  anon$$obj.o(Region$$Table)
    Region$$Table$$Limit                     0x00003914   Number         0  anon$$obj.o(Region$$Table)
    pxCurrentTCB                             0x20000004   Data           4  tasks.o(.data)
    uxTopUsedPriority                        0x2000003c   Data           4  tasks.o(.data)
    xHighPriorityNormallyEmptyTask1          0x200000cc   Data           4  intqueue.o(.data)
    xHighPriorityNormallyEmptyTask2          0x200000d0   Data           4  intqueue.o(.data)
    xHighPriorityNormallyFullTask1           0x200000d4   Data           4  intqueue.o(.data)
    xHighPriorityNormallyFullTask2           0x200000d8   Data           4  intqueue.o(.data)
    __initial_sp                             0x2000cdb0   Data           0  startup_msp432p4.o(STACK)



==============================================================================

Memory Map of the image

  Image Entry point : 0x00000145

  Load Region LR_IROM1 (Base: 0x00000000, Size: 0x00003a40, Max: 0x00040000, ABSOLUTE, COMPRESSED[0x00003944])

    Execution Region ER_IROM1 (Exec base: 0x00000000, Load base: 0x00000000, Size: 0x00003914, Max: 0x00040000, ABSOLUTE)

    Exec Addr    Load Addr    Size         Type   Attr      Idx    E Section Name        Object

    0x00000000   0x00000000   0x00000144   Data   RO            3    RESET               startup_msp432p4.o
    0x00000144   0x00000144   0x00000000   Code   RO         4220  * .ARM.Collect$$$$00000000  mc_w.l(entry.o)
    0x00000144   0x00000144   0x00000004   Code   RO         4506    .ARM.Collect$$$$00000001  mc_w.l(entry2.o)
    0x00000148   0x00000148   0x00000004   Code   RO         4509    .ARM.Collect$$$$00000004  mc_w.l(entry5.o)
    0x0000014c   0x0000014c   0x00000000   Code   RO         4511    .ARM.Collect$$$$00000008  mc_w.l(entry7b.o)
    0x0000014c   0x0000014c   0x00000000   Code   RO         4513    .ARM.Collect$$$$0000000A  mc_w.l(entry8b.o)
    0x0000014c   0x0000014c   0x00000008   Code   RO         4514    .ARM.Collect$$$$0000000B  mc_w.l(entry9a.o)
    0x00000154   0x00000154   0x00000004   Code   RO         4521    .ARM.Collect$$$$0000000E  mc_w.l(entry12b.o)
    0x00000158   0x00000158   0x00000000   Code   RO         4516    .ARM.Collect$$$$0000000F  mc_w.l(entry10a.o)
    0x00000158   0x00000158   0x00000000   Code   RO         4518    .ARM.Collect$$$$00000011  mc_w.l(entry11a.o)
    0x00000158   0x00000158   0x00000004   Code   RO         4507    .ARM.Collect$$$$00002712  mc_w.l(entry2.o)
    0x0000015c   0x0000015c   0x000000be   Code   RO         1379    .emb_text           port.o
    0x0000021a   0x0000021a   0x00000002   PAD
    0x0000021c   0x0000021c   0x00000024   Code   RO            4    .text               startup_msp432p4.o
    0x00000240   0x00000240   0x00000024   Code   RO         4223    .text               mc_w.l(memcpya.o)
    0x00000264   0x00000264   0x00000024   Code   RO         4225    .text               mc_w.l(memseta.o)
    0x00000288   0x00000288   0x00000024   Code   RO         4538    .text               mc_w.l(init.o)
    0x000002ac   0x000002ac   0x00000056   Code   RO         4558    .text               mc_w.l(__dczerorl2.o)
    0x00000302   0x00000302   0x00000002   PAD
    0x00000304   0x00000304   0x00000028   Code   RO         2611    i.CS_clearInterruptFlag  cs.o
    0x0000032c   0x0000032c   0x00000150   Code   RO         2622    i.CS_getDCOFrequency  cs.o
    0x0000047c   0x0000047c   0x00000024   Code   RO         2626    i.CS_getMCLK        cs.o
    0x000004a0   0x000004a0   0x00000138   Code   RO         2628    i.CS_initClockSignal  cs.o
    0x000005d8   0x000005d8   0x00000028   Code   RO         2631    i.CS_setDCOCenteredFrequency  cs.o
    0x00000600   0x00000600   0x00000014   Code   RO         3670    i.FPU_enableModule  fpu.o
    0x00000614   0x00000614   0x00000030   Code   RO         3997    i.FlashCtl_setWaitState  flash.o
    0x00000644   0x00000644   0x00000014   Code   RO         2848    i.GPIO_enableInterrupt  gpio.o
    0x00000658   0x00000658   0x00000020   Code   RO         2850    i.GPIO_getInputPinValue  gpio.o
    0x00000678   0x00000678   0x00000014   Code   RO         2851    i.GPIO_getInterruptStatus  gpio.o
    0x0000068c   0x0000068c   0x00000020   Code   RO         2852    i.GPIO_interruptEdgeSelect  gpio.o
    0x000006ac   0x000006ac   0x0000002c   Code   RO         2856    i.GPIO_setAsInputPinWithPullUpResistor  gpio.o
    0x000006d8   0x000006d8   0x00000020   Code   RO         2857    i.GPIO_setAsOutputPin  gpio.o
    0x000006f8   0x000006f8   0x00000050   Code   RO         2858    i.GPIO_setAsPeripheralModuleFunctionInputPin  gpio.o
    0x00000748   0x00000748   0x00000014   Code   RO         2862    i.GPIO_setOutputHighOnPin  gpio.o
    0x0000075c   0x0000075c   0x00000014   Code   RO         2863    i.GPIO_setOutputLowOnPin  gpio.o
    0x00000770   0x00000770   0x00000014   Code   RO         2864    i.GPIO_toggleOutputOnPin  gpio.o
    0x00000784   0x00000784   0x00000074   Code   RO         2994    i.Interrupt_enableInterrupt  interrupt.o
    0x000007f8   0x000007f8   0x00000062   Code   RO         3135    i.PCM_getCoreVoltageLevel  pcm.o
    0x0000085a   0x0000085a   0x00000058   Code   RO         3138    i.PCM_getPowerMode  pcm.o
    0x000008b2   0x000008b2   0x00000002   PAD
    0x000008b4   0x000008b4   0x0000000c   Code   RO         3139    i.PCM_getPowerState  pcm.o
    0x000008c0   0x000008c0   0x00000010   Code   RO         3147    i.PCM_setCoreVoltageLevel  pcm.o
    0x000008d0   0x000008d0   0x00000010   Code   RO         3150    i.PCM_setPowerMode  pcm.o
    0x000008e0   0x000008e0   0x00000020   Code   RO          262    i.PORT1_IRQHandler  main_blinky.o
    0x00000900   0x00000900   0x00000050   Code   RO         3554    i.SysCtl_getTLVInfo  sysctl.o
    0x00000950   0x00000950   0x00000034   Code   RO         1380    i.SysTick_Handler   port.o
    0x00000984   0x00000984   0x00000098   Code   RO           14    i.SystemInit        system_msp432p401r.o
    0x00000a1c   0x00000a1c   0x0000000a   Code   RO         3739    i.Timer32_clearInterruptFlag  timer32.o
    0x00000a26   0x00000a26   0x00000016   Code   RO         3332    i.UART_disableInterrupt  uart.o
    0x00000a3c   0x00000a3c   0x0000003e   Code   RO         3336    i.UART_getEnabledInterruptStatus  uart.o
    0x00000a7a   0x00000a7a   0x00000008   Code   RO         3337    i.UART_getInterruptStatus  uart.o
    0x00000a82   0x00000a82   0x0000002c   Code   RO         3342    i.UART_receiveData  uart.o
    0x00000aae   0x00000aae   0x00000002   PAD
    0x00000ab0   0x00000ab0   0x00000018   Code   RO         3470    i.WDT_A_holdTimer   wdt_a.o
    0x00000ac8   0x00000ac8   0x000000dc   Code   RO         2643    i._CSComputeCLKFrequency  cs.o
    0x00000ba4   0x00000ba4   0x0000006c   Code   RO         2644    i._CSGetDOCFrequency  cs.o
    0x00000c10   0x00000c10   0x0000003e   Code   RO         2645    i._CSGetDividerValue  cs.o
    0x00000c4e   0x00000c4e   0x00000002   PAD
    0x00000c50   0x00000c50   0x000000d0   Code   RO         3158    i.__PCM_setCoreVoltageLevelAdvanced  pcm.o
    0x00000d20   0x00000d20   0x00000110   Code   RO         3159    i.__PCM_setPowerModeAdvanced  pcm.o
    0x00000e30   0x00000e30   0x0000000e   Code   RO         4552    i.__scatterload_copy  mc_w.l(handlers.o)
    0x00000e3e   0x00000e3e   0x00000002   Code   RO         4553    i.__scatterload_null  mc_w.l(handlers.o)
    0x00000e40   0x00000e40   0x0000000e   Code   RO         4554    i.__scatterload_zeroinit  mc_w.l(handlers.o)
    0x00000e4e   0x00000e4e   0x00000002   PAD
    0x00000e50   0x00000e50   0x00000048   Code   RO          731    i.eTaskConfirmSleepModeStatus  tasks.o
    0x00000e98   0x00000e98   0x0000000e   Code   RO           78    i.main              main.o
    0x00000ea6   0x00000ea6   0x00000002   PAD
    0x00000ea8   0x00000ea8   0x00000064   Code   RO          263    i.main_blinky       main_blinky.o
    0x00000f0c   0x00000f0c   0x000000c0   Code   RO          734    i.prvAddCurrentTaskToDelayedList  tasks.o
    0x00000fcc   0x00000fcc   0x000000ec   Code   RO          735    i.prvAddNewTaskToReadyList  tasks.o
    0x000010b8   0x000010b8   0x0000004c   Code   RO         1135    i.prvCheckForValidListAndQueue  timers.o
    0x00001104   0x00001104   0x00000048   Code   RO          736    i.prvCheckTasksWaitingTermination  tasks.o
    0x0000114c   0x0000114c   0x00000024   Code   RO          264    i.prvConfigureButton  main_blinky.o
    0x00001170   0x00001170   0x0000004a   Code   RO          265    i.prvConfigureClocks  main_blinky.o
    0x000011ba   0x000011ba   0x0000002a   Code   RO          523    i.prvCopyDataFromQueue  queue.o
    0x000011e4   0x000011e4   0x0000007e   Code   RO          524    i.prvCopyDataToQueue  queue.o
    0x00001262   0x00001262   0x00000012   Code   RO          737    i.prvDeleteTCB      tasks.o
    0x00001274   0x00001274   0x0000004c   Code   RO          738    i.prvGetExpectedIdleTime  tasks.o
    0x000012c0   0x000012c0   0x00000028   Code   RO         1136    i.prvGetNextExpireTime  timers.o
    0x000012e8   0x000012e8   0x0000007c   Code   RO         1312    i.prvHeapInit       heap_4.o
    0x00001364   0x00001364   0x00000080   Code   RO          739    i.prvIdleTask       tasks.o
    0x000013e4   0x000013e4   0x0000002a   Code   RO          527    i.prvInitialiseNewQueue  queue.o
    0x0000140e   0x0000140e   0x000000e0   Code   RO          740    i.prvInitialiseNewTask  tasks.o
    0x000014ee   0x000014ee   0x00000002   PAD
    0x000014f0   0x000014f0   0x00000068   Code   RO          741    i.prvInitialiseTaskLists  tasks.o
    0x00001558   0x00001558   0x00000068   Code   RO         1313    i.prvInsertBlockIntoFreeList  heap_4.o
    0x000015c0   0x000015c0   0x00000058   Code   RO         1138    i.prvInsertTimerInActiveList  timers.o
    0x00001618   0x00001618   0x0000001a   Code   RO          528    i.prvIsQueueEmpty   queue.o
    0x00001632   0x00001632   0x0000001e   Code   RO          529    i.prvIsQueueFull    queue.o
    0x00001650   0x00001650   0x00000044   Code   RO         1139    i.prvProcessExpiredTimer  timers.o
    0x00001694   0x00001694   0x0000014c   Code   RO         1140    i.prvProcessReceivedCommands  timers.o
    0x000017e0   0x000017e0   0x00000074   Code   RO         1141    i.prvProcessTimerOrBlockTask  timers.o
    0x00001854   0x00001854   0x00000014   Code   RO         2493    i.prvQueueAccessLogError  intqueue.o
    0x00001868   0x00001868   0x00000030   Code   RO          266    i.prvQueueReceiveTask  main_blinky.o
    0x00001898   0x00001898   0x00000030   Code   RO          267    i.prvQueueSendTask  main_blinky.o
    0x000018c8   0x000018c8   0x00000020   Code   RO         2494    i.prvRecordValue_NormallyEmpty  intqueue.o
    0x000018e8   0x000018e8   0x00000020   Code   RO         2495    i.prvRecordValue_NormallyFull  intqueue.o
    0x00001908   0x00001908   0x00000028   Code   RO         1142    i.prvReloadTimer    timers.o
    0x00001930   0x00001930   0x00000030   Code   RO          743    i.prvResetNextTaskUnblockTime  tasks.o
    0x00001960   0x00001960   0x0000002c   Code   RO         1143    i.prvSampleTimeNow  timers.o
    0x0000198c   0x0000198c   0x00000036   Code   RO           80    i.prvSetupHardware  main.o
    0x000019c2   0x000019c2   0x00000002   PAD
    0x000019c4   0x000019c4   0x00000044   Code   RO         1144    i.prvSwitchTimerLists  timers.o
    0x00001a08   0x00001a08   0x00000040   Code   RO         1381    i.prvTaskExitError  port.o
    0x00001a48   0x00001a48   0x0000001a   Code   RO         1145    i.prvTimerTask      timers.o
    0x00001a62   0x00001a62   0x0000007e   Code   RO          530    i.prvUnlockQueue    queue.o
    0x00001ae0   0x00001ae0   0x00000174   Code   RO         1314    i.pvPortMalloc      heap_4.o
    0x00001c54   0x00001c54   0x0000002c   Code   RO         1382    i.pxPortInitialiseStack  port.o
    0x00001c80   0x00001c80   0x00000028   Code   RO          472    i.uxListRemove      list.o
    0x00001ca8   0x00001ca8   0x00000002   Code   RO           81    i.vApplicationIdleHook  main.o
    0x00001caa   0x00001caa   0x00000016   Code   RO           82    i.vApplicationMallocFailedHook  main.o
    0x00001cc0   0x00001cc0   0x00000016   Code   RO           83    i.vApplicationStackOverflowHook  main.o
    0x00001cd6   0x00001cd6   0x00000002   Code   RO          268    i.vApplicationTickHook  main_blinky.o
    0x00001cd8   0x00001cd8   0x0000001a   Code   RO          473    i.vListInitialise   list.o
    0x00001cf2   0x00001cf2   0x00000006   Code   RO          474    i.vListInitialiseItem  list.o
    0x00001cf8   0x00001cf8   0x00000034   Code   RO          475    i.vListInsert       list.o
    0x00001d2c   0x00001d2c   0x00000054   Code   RO         1384    i.vPortEnterCritical  port.o
    0x00001d80   0x00001d80   0x0000003c   Code   RO         1385    i.vPortExitCritical  port.o
    0x00001dbc   0x00001dbc   0x000000a4   Code   RO         1315    i.vPortFree         heap_4.o
    0x00001e60   0x00001e60   0x00000068   Code   RO         1386    i.vPortSetupTimerInterrupt  port.o
    0x00001ec8   0x00001ec8   0x00000154   Code   RO         1387    i.vPortSuppressTicksAndSleep  port.o
    0x0000201c   0x0000201c   0x00000078   Code   RO         1388    i.vPortValidateInterruptPriority  port.o
    0x00002094   0x00002094   0x00000002   Code   RO          269    i.vPreSleepProcessing  main_blinky.o
    0x00002096   0x00002096   0x0000004a   Code   RO          538    i.vQueueWaitForMessageRestricted  queue.o
    0x000020e0   0x000020e0   0x0000002c   Code   RO         2450    i.vT32_0_Handler    intqueuetimer.o
    0x0000210c   0x0000210c   0x0000002c   Code   RO         2451    i.vT32_1_Handler    intqueuetimer.o
    0x00002138   0x00002138   0x0000018c   Code   RO          759    i.vTaskGenericNotifyGiveFromISR  tasks.o
    0x000022c4   0x000022c4   0x00000018   Code   RO          761    i.vTaskInternalSetTimeOutState  tasks.o
    0x000022dc   0x000022dc   0x0000000c   Code   RO          763    i.vTaskMissedYield  tasks.o
    0x000022e8   0x000022e8   0x00000038   Code   RO          764    i.vTaskPlaceOnEventList  tasks.o
    0x00002320   0x00002320   0x00000064   Code   RO          765    i.vTaskPlaceOnEventListRestricted  tasks.o
    0x00002384   0x00002384   0x0000009c   Code   RO          773    i.vTaskStartScheduler  tasks.o
    0x00002420   0x00002420   0x00000040   Code   RO          774    i.vTaskStepTick     tasks.o
    0x00002460   0x00002460   0x00000010   Code   RO          776    i.vTaskSuspendAll   tasks.o
    0x00002470   0x00002470   0x000000c4   Code   RO          777    i.vTaskSwitchContext  tasks.o
    0x00002534   0x00002534   0x000000a8   Code   RO         1599    i.vUART_Handler     serial.o
    0x000025dc   0x000025dc   0x00000170   Code   RO         2498    i.xFirstTimerHandler  intqueue.o
    0x0000274c   0x0000274c   0x00000190   Code   RO         1389    i.xPortStartScheduler  port.o
    0x000028dc   0x000028dc   0x00000066   Code   RO          541    i.xQueueGenericCreate  queue.o
    0x00002942   0x00002942   0x00000002   PAD
    0x00002944   0x00002944   0x000000dc   Code   RO          542    i.xQueueGenericReset  queue.o
    0x00002a20   0x00002a20   0x000001a8   Code   RO          543    i.xQueueGenericSend  queue.o
    0x00002bc8   0x00002bc8   0x00000120   Code   RO          544    i.xQueueGenericSendFromISR  queue.o
    0x00002ce8   0x00002ce8   0x0000002e   Code   RO          548    i.xQueueIsQueueFullFromISR  queue.o
    0x00002d16   0x00002d16   0x00000002   PAD
    0x00002d18   0x00002d18   0x00000168   Code   RO          551    i.xQueueReceive     queue.o
    0x00002e80   0x00002e80   0x000000ee   Code   RO          552    i.xQueueReceiveFromISR  queue.o
    0x00002f6e   0x00002f6e   0x00000002   PAD
    0x00002f70   0x00002f70   0x00000230   Code   RO         2499    i.xSecondTimerHandler  intqueue.o
    0x000031a0   0x000031a0   0x00000090   Code   RO          779    i.xTaskCheckForTimeOut  tasks.o
    0x00003230   0x00003230   0x00000060   Code   RO          780    i.xTaskCreate       tasks.o
    0x00003290   0x00003290   0x00000020   Code   RO          787    i.xTaskGetSchedulerState  tasks.o
    0x000032b0   0x000032b0   0x0000000c   Code   RO          788    i.xTaskGetTickCount  tasks.o
    0x000032bc   0x000032bc   0x000001c8   Code   RO          790    i.xTaskIncrementTick  tasks.o
    0x00003484   0x00003484   0x000000f0   Code   RO          791    i.xTaskPriorityDisinherit  tasks.o
    0x00003574   0x00003574   0x00000124   Code   RO          793    i.xTaskRemoveFromEventList  tasks.o
    0x00003698   0x00003698   0x00000178   Code   RO          794    i.xTaskResumeAll    tasks.o
    0x00003810   0x00003810   0x00000054   Code   RO         1153    i.xTimerCreateTimerTask  timers.o
    0x00003864   0x00003864   0x00000090   Data   RO         3010    .constdata          interrupt.o
    0x000038f4   0x000038f4   0x00000020   Data   RO         4550    Region$$Table       anon$$obj.o


    Execution Region RW_IRAM1 (Exec base: 0x20000000, Load base: 0x00003914, Size: 0x0000cdb0, Max: 0x00010000, ABSOLUTE, COMPRESSED[0x00000030])

    Exec Addr    Load Addr    Size         Type   Attr      Idx    E Section Name        Object

    0x20000000   COMPRESSED   0x00000004   Data   RW          270    .data               main_blinky.o
    0x20000004   COMPRESSED   0x00000040   Data   RW          796    .data               tasks.o
    0x20000044   COMPRESSED   0x00000014   Data   RW         1162    .data               timers.o
    0x20000058   COMPRESSED   0x00000020   Data   RW         1321    .data               heap_4.o
    0x20000078   COMPRESSED   0x00000018   Data   RW         1390    .data               port.o
    0x20000090   COMPRESSED   0x00000010   Data   RW         1604    .data               serial.o
    0x200000a0   COMPRESSED   0x00000054   Data   RW         2501    .data               intqueue.o
    0x200000f4   COMPRESSED   0x00000008   Data   RW         2647    .data               cs.o
    0x200000fc   COMPRESSED   0x00000030   Data   RW         2867    .data               gpio.o
    0x2000012c        -       0x000000c8   Zero   RW          795    .bss                tasks.o
    0x200001f4        -       0x00000028   Zero   RW         1161    .bss                timers.o
    0x2000021c        -       0x0000c800   Zero   RW         1320    .bss                heap_4.o
    0x2000ca1c        -       0x00000190   Zero   RW         2500    .bss                intqueue.o
    0x2000cbac   COMPRESSED   0x00000004   PAD
    0x2000cbb0        -       0x00000200   Zero   RW            1    STACK               startup_msp432p4.o


==============================================================================

Image component sizes


      Code (inc. data)   RO Data    RW Data    ZI Data      Debug   Object Name

      1154        132          0          8          0       6284   cs.o
         0          0          0          0          0      14796   event_groups.o
        48          6          0          0          0        616   flash.o
        20          6          0          0          0        503   fpu.o
       320         52          0         48          0       8182   gpio.o
       764         72          0         32      51200       4831   heap_4.o
       116          8        144          0          0       1548   interrupt.o
      1012         54          0         84        400      18395   intqueue.o
        88         16          0          0          0       1130   intqueuetimer.o
       124          0          0          0          0       2977   list.o
       114          0          0          0          0      23849   main.o
       342         34          0          4          0      13146   main_blinky.o
       710         78          0          0          0       5226   pcm.o
      1458        114          0         24          0      13414   port.o
      2144         14          0          0          0      17949   queue.o
       168         26          0         16          0       1610   serial.o
        36          8        324          0        512        912   startup_msp432p4.o
        80          8          0          0          0       1236   sysctl.o
       152         34          0          0          0     191713   system_msp432p401r.o
      3838        426          0         64        200      32561   tasks.o
        10          0          0          0          0        573   timer32.o
       982        102          0         20         40      12100   timers.o
       136          0          0          0          0       2618   uart.o
        24          4          0          0          0        534   wdt_a.o

    ----------------------------------------------------------------------
     13860       1194        500        300      52356     376703   Object Totals
         0          0         32          0          0          0   (incl. Generated)
        20          0          0          0          4          0   (incl. Padding)

    ----------------------------------------------------------------------

      Code (inc. data)   RO Data    RW Data    ZI Data      Debug   Library Member Name

        86          0          0          0          0          0   __dczerorl2.o
         0          0          0          0          0          0   entry.o
         0          0          0          0          0          0   entry10a.o
         0          0          0          0          0          0   entry11a.o
         4          0          0          0          0          0   entry12b.o
         8          4          0          0          0          0   entry2.o
         4          0          0          0          0          0   entry5.o
         0          0          0          0          0          0   entry7b.o
         0          0          0          0          0          0   entry8b.o
         8          4          0          0          0          0   entry9a.o
        30          0          0          0          0          0   handlers.o
        36          8          0          0          0         68   init.o
        36          0          0          0          0         68   memcpya.o
        36          0          0          0          0        108   memseta.o

    ----------------------------------------------------------------------
       252         16          0          0          0        244   Library Totals
         4          0          0          0          0          0   (incl. Padding)

    ----------------------------------------------------------------------

      Code (inc. data)   RO Data    RW Data    ZI Data      Debug   Library Name

       248         16          0          0          0        244   mc_w.l

    ----------------------------------------------------------------------
       252         16          0          0          0        244   Library Totals

    ----------------------------------------------------------------------

==============================================================================


      Code (inc. data)   RO Data    RW Data    ZI Data      Debug   

     14112       1210        500        300      52356     365079   Grand Totals
     14112       1210        500         48      52356     365079   ELF Image Totals (compressed)
     14112       1210        500         48          0          0   ROM Totals

==============================================================================

    Total RO  Size (Code + RO Data)                14612 (  14.27kB)
    Total RW  Size (RW Data + ZI Data)             52656 (  51.42kB)
    Total ROM Size (Code + RO Data + RW Data)      14660 (  14.32kB)

==============================================================================

